Component: ARM Compiler 5.06 update 1 (build 61) Tool: armlink [4d35a8]

==============================================================================

Section Cross References

    system_stm32f4xx.o(i.SystemCoreClockUpdate) refers to system_stm32f4xx.o(.data) for .data
    system_stm32f4xx.o(i.SystemCoreClockUpdate) refers to system_stm32f4xx.o(.constdata) for .constdata
    stm32f4xx_hal_dma.o(i.DMA_CalcBaseAndBitshift) refers to stm32f4xx_hal_dma.o(.constdata) for .constdata
    stm32f4xx_hal_dma.o(i.HAL_DMA_Abort) refers to stm32f4xx_hal.o(i.HAL_GetTick) for HAL_GetTick
    stm32f4xx_hal_dma.o(i.HAL_DMA_DeInit) refers to stm32f4xx_hal_dma.o(i.DMA_CalcBaseAndBitshift) for DMA_CalcBaseAndBitshift
    stm32f4xx_hal_dma.o(i.HAL_DMA_IRQHandler) refers to system_stm32f4xx.o(.data) for SystemCoreClock
    stm32f4xx_hal_dma.o(i.HAL_DMA_Init) refers to stm32f4xx_hal.o(i.HAL_GetTick) for HAL_GetTick
    stm32f4xx_hal_dma.o(i.HAL_DMA_Init) refers to stm32f4xx_hal_dma.o(i.DMA_CheckFifoParam) for DMA_CheckFifoParam
    stm32f4xx_hal_dma.o(i.HAL_DMA_Init) refers to stm32f4xx_hal_dma.o(i.DMA_CalcBaseAndBitshift) for DMA_CalcBaseAndBitshift
    stm32f4xx_hal_dma.o(i.HAL_DMA_PollForTransfer) refers to stm32f4xx_hal.o(i.HAL_GetTick) for HAL_GetTick
    stm32f4xx_hal_dma.o(i.HAL_DMA_PollForTransfer) refers to stm32f4xx_hal_dma.o(i.HAL_DMA_Abort) for HAL_DMA_Abort
    stm32f4xx_hal_dma.o(i.HAL_DMA_Start) refers to stm32f4xx_hal_dma.o(i.DMA_SetConfig) for DMA_SetConfig
    stm32f4xx_hal_dma.o(i.HAL_DMA_Start_IT) refers to stm32f4xx_hal_dma.o(i.DMA_SetConfig) for DMA_SetConfig
    stm32f4xx_hal_cortex.o(i.HAL_NVIC_SetPriority) refers to stm32f4xx_hal_cortex.o(i.NVIC_SetPriority) for NVIC_SetPriority
    stm32f4xx_hal_cortex.o(i.HAL_SYSTICK_Config) refers to stm32f4xx_hal_cortex.o(i.NVIC_SetPriority) for NVIC_SetPriority
    stm32f4xx_hal_cortex.o(i.HAL_SYSTICK_IRQHandler) refers to stm32f4xx_hal_cortex.o(i.HAL_SYSTICK_Callback) for HAL_SYSTICK_Callback
    stm32f4xx_hal_flash.o(i.FLASH_SetErrorCode) refers to stm32f4xx_hal_flash.o(.bss) for .bss
    stm32f4xx_hal_flash.o(i.FLASH_WaitForLastOperation) refers to stm32f4xx_hal.o(i.HAL_GetTick) for HAL_GetTick
    stm32f4xx_hal_flash.o(i.FLASH_WaitForLastOperation) refers to stm32f4xx_hal_flash.o(i.FLASH_SetErrorCode) for FLASH_SetErrorCode
    stm32f4xx_hal_flash.o(i.FLASH_WaitForLastOperation) refers to stm32f4xx_hal_flash.o(.bss) for .bss
    stm32f4xx_hal_flash.o(i.HAL_FLASH_GetError) refers to stm32f4xx_hal_flash.o(.bss) for .bss
    stm32f4xx_hal_flash.o(i.HAL_FLASH_IRQHandler) refers to stm32f4xx_hal_flash.o(i.FLASH_SetErrorCode) for FLASH_SetErrorCode
    stm32f4xx_hal_flash.o(i.HAL_FLASH_IRQHandler) refers to stm32f4xx_hal_flash.o(i.HAL_FLASH_OperationErrorCallback) for HAL_FLASH_OperationErrorCallback
    stm32f4xx_hal_flash.o(i.HAL_FLASH_IRQHandler) refers to stm32f4xx_hal_flash.o(i.HAL_FLASH_EndOfOperationCallback) for HAL_FLASH_EndOfOperationCallback
    stm32f4xx_hal_flash.o(i.HAL_FLASH_IRQHandler) refers to stm32f4xx_hal_flash_ex.o(i.FLASH_Erase_Sector) for FLASH_Erase_Sector
    stm32f4xx_hal_flash.o(i.HAL_FLASH_IRQHandler) refers to stm32f4xx_hal_flash_ex.o(i.FLASH_FlushCaches) for FLASH_FlushCaches
    stm32f4xx_hal_flash.o(i.HAL_FLASH_IRQHandler) refers to stm32f4xx_hal_flash.o(.bss) for .bss
    stm32f4xx_hal_flash.o(i.HAL_FLASH_OB_Launch) refers to stm32f4xx_hal_flash.o(i.FLASH_WaitForLastOperation) for FLASH_WaitForLastOperation
    stm32f4xx_hal_flash.o(i.HAL_FLASH_Program) refers to stm32f4xx_hal_flash.o(i.FLASH_WaitForLastOperation) for FLASH_WaitForLastOperation
    stm32f4xx_hal_flash.o(i.HAL_FLASH_Program) refers to stm32f4xx_hal_flash.o(i.FLASH_Program_DoubleWord) for FLASH_Program_DoubleWord
    stm32f4xx_hal_flash.o(i.HAL_FLASH_Program) refers to stm32f4xx_hal_flash.o(i.FLASH_Program_Byte) for FLASH_Program_Byte
    stm32f4xx_hal_flash.o(i.HAL_FLASH_Program) refers to stm32f4xx_hal_flash.o(i.FLASH_Program_HalfWord) for FLASH_Program_HalfWord
    stm32f4xx_hal_flash.o(i.HAL_FLASH_Program) refers to stm32f4xx_hal_flash.o(i.FLASH_Program_Word) for FLASH_Program_Word
    stm32f4xx_hal_flash.o(i.HAL_FLASH_Program) refers to stm32f4xx_hal_flash.o(.bss) for .bss
    stm32f4xx_hal_flash.o(i.HAL_FLASH_Program_IT) refers to stm32f4xx_hal_flash.o(i.FLASH_Program_DoubleWord) for FLASH_Program_DoubleWord
    stm32f4xx_hal_flash.o(i.HAL_FLASH_Program_IT) refers to stm32f4xx_hal_flash.o(i.FLASH_Program_Byte) for FLASH_Program_Byte
    stm32f4xx_hal_flash.o(i.HAL_FLASH_Program_IT) refers to stm32f4xx_hal_flash.o(i.FLASH_Program_HalfWord) for FLASH_Program_HalfWord
    stm32f4xx_hal_flash.o(i.HAL_FLASH_Program_IT) refers to stm32f4xx_hal_flash.o(i.FLASH_Program_Word) for FLASH_Program_Word
    stm32f4xx_hal_flash.o(i.HAL_FLASH_Program_IT) refers to stm32f4xx_hal_flash.o(.bss) for .bss
    stm32f4xx_hal_pwr.o(i.HAL_PWR_PVD_IRQHandler) refers to stm32f4xx_hal_pwr.o(i.HAL_PWR_PVDCallback) for HAL_PWR_PVDCallback
    stm32f4xx_hal_pwr_ex.o(i.HAL_PWREx_ControlVoltageScaling) refers to stm32f4xx_hal.o(i.HAL_GetTick) for HAL_GetTick
    stm32f4xx_hal_pwr_ex.o(i.HAL_PWREx_DisableBkUpReg) refers to stm32f4xx_hal.o(i.HAL_GetTick) for HAL_GetTick
    stm32f4xx_hal_pwr_ex.o(i.HAL_PWREx_EnableBkUpReg) refers to stm32f4xx_hal.o(i.HAL_GetTick) for HAL_GetTick
    stm32f4xx_hal_rcc.o(i.HAL_RCC_ClockConfig) refers to stm32f4xx_hal.o(i.HAL_GetTick) for HAL_GetTick
    stm32f4xx_hal_rcc.o(i.HAL_RCC_ClockConfig) refers to stm32f4xx_hal_rcc.o(i.HAL_RCC_GetSysClockFreq) for HAL_RCC_GetSysClockFreq
    stm32f4xx_hal_rcc.o(i.HAL_RCC_ClockConfig) refers to stm32f4xx_hal.o(i.HAL_InitTick) for HAL_InitTick
    stm32f4xx_hal_rcc.o(i.HAL_RCC_ClockConfig) refers to stm32f4xx_hal_rcc.o(.constdata) for .constdata
    stm32f4xx_hal_rcc.o(i.HAL_RCC_ClockConfig) refers to system_stm32f4xx.o(.data) for SystemCoreClock
    stm32f4xx_hal_rcc.o(i.HAL_RCC_GetHCLKFreq) refers to system_stm32f4xx.o(.data) for SystemCoreClock
    stm32f4xx_hal_rcc.o(i.HAL_RCC_GetPCLK1Freq) refers to system_stm32f4xx.o(.data) for SystemCoreClock
    stm32f4xx_hal_rcc.o(i.HAL_RCC_GetPCLK1Freq) refers to stm32f4xx_hal_rcc.o(.constdata) for .constdata
    stm32f4xx_hal_rcc.o(i.HAL_RCC_GetPCLK2Freq) refers to system_stm32f4xx.o(.data) for SystemCoreClock
    stm32f4xx_hal_rcc.o(i.HAL_RCC_GetPCLK2Freq) refers to stm32f4xx_hal_rcc.o(.constdata) for .constdata
    stm32f4xx_hal_rcc.o(i.HAL_RCC_MCOConfig) refers to stm32f4xx_hal_gpio.o(i.HAL_GPIO_Init) for HAL_GPIO_Init
    stm32f4xx_hal_rcc.o(i.HAL_RCC_NMI_IRQHandler) refers to stm32f4xx_hal_rcc.o(i.HAL_RCC_CSSCallback) for HAL_RCC_CSSCallback
    stm32f4xx_hal_rcc.o(i.HAL_RCC_OscConfig) refers to stm32f4xx_hal.o(i.HAL_GetTick) for HAL_GetTick
    stm32f4xx_hal_gpio.o(i.HAL_GPIO_EXTI_IRQHandler) refers to stm32f4xx_hal_gpio.o(i.HAL_GPIO_EXTI_Callback) for HAL_GPIO_EXTI_Callback
    stm32f4xx_hal_rcc_ex.o(i.HAL_RCCEx_PeriphCLKConfig) refers to stm32f4xx_hal.o(i.HAL_GetTick) for HAL_GetTick
    stm32f4xx_hal_rcc_ex.o(i.HAL_RCC_DeInit) refers to system_stm32f4xx.o(.data) for SystemCoreClock
    stm32f4xx_hal_can.o(i.CAN_Receive_IT) refers to main.o(i.HAL_CAN_RxCpltCallback) for HAL_CAN_RxCpltCallback
    stm32f4xx_hal_can.o(i.CAN_Transmit_IT) refers to main.o(i.HAL_CAN_TxCpltCallback) for HAL_CAN_TxCpltCallback
    stm32f4xx_hal_can.o(i.HAL_CAN_DeInit) refers to stm32f4xx_hal_msp.o(i.HAL_CAN_MspDeInit) for HAL_CAN_MspDeInit
    stm32f4xx_hal_can.o(i.HAL_CAN_IRQHandler) refers to stm32f4xx_hal_can.o(i.CAN_Transmit_IT) for CAN_Transmit_IT
    stm32f4xx_hal_can.o(i.HAL_CAN_IRQHandler) refers to stm32f4xx_hal_can.o(i.CAN_Receive_IT) for CAN_Receive_IT
    stm32f4xx_hal_can.o(i.HAL_CAN_IRQHandler) refers to stm32f4xx_hal_can.o(i.HAL_CAN_ErrorCallback) for HAL_CAN_ErrorCallback
    stm32f4xx_hal_can.o(i.HAL_CAN_Init) refers to stm32f4xx_hal_msp.o(i.HAL_CAN_MspInit) for HAL_CAN_MspInit
    stm32f4xx_hal_can.o(i.HAL_CAN_Init) refers to stm32f4xx_hal.o(i.HAL_GetTick) for HAL_GetTick
    stm32f4xx_hal_can.o(i.HAL_CAN_Receive) refers to stm32f4xx_hal.o(i.HAL_GetTick) for HAL_GetTick
    stm32f4xx_hal_can.o(i.HAL_CAN_Sleep) refers to stm32f4xx_hal.o(i.HAL_GetTick) for HAL_GetTick
    stm32f4xx_hal_can.o(i.HAL_CAN_Transmit) refers to stm32f4xx_hal.o(i.HAL_GetTick) for HAL_GetTick
    stm32f4xx_hal_can.o(i.HAL_CAN_WakeUp) refers to stm32f4xx_hal.o(i.HAL_GetTick) for HAL_GetTick
    stm32f4xx_hal_flash_ex.o(i.HAL_FLASHEx_Erase) refers to stm32f4xx_hal_flash.o(i.FLASH_WaitForLastOperation) for FLASH_WaitForLastOperation
    stm32f4xx_hal_flash_ex.o(i.HAL_FLASHEx_Erase) refers to stm32f4xx_hal_flash_ex.o(i.FLASH_MassErase) for FLASH_MassErase
    stm32f4xx_hal_flash_ex.o(i.HAL_FLASHEx_Erase) refers to stm32f4xx_hal_flash_ex.o(i.FLASH_Erase_Sector) for FLASH_Erase_Sector
    stm32f4xx_hal_flash_ex.o(i.HAL_FLASHEx_Erase) refers to stm32f4xx_hal_flash_ex.o(i.FLASH_FlushCaches) for FLASH_FlushCaches
    stm32f4xx_hal_flash_ex.o(i.HAL_FLASHEx_Erase) refers to stm32f4xx_hal_flash.o(.bss) for pFlash
    stm32f4xx_hal_flash_ex.o(i.HAL_FLASHEx_Erase_IT) refers to stm32f4xx_hal_flash_ex.o(i.FLASH_Erase_Sector) for FLASH_Erase_Sector
    stm32f4xx_hal_flash_ex.o(i.HAL_FLASHEx_Erase_IT) refers to stm32f4xx_hal_flash_ex.o(i.FLASH_MassErase) for FLASH_MassErase
    stm32f4xx_hal_flash_ex.o(i.HAL_FLASHEx_Erase_IT) refers to stm32f4xx_hal_flash.o(.bss) for pFlash
    stm32f4xx_hal_flash_ex.o(i.HAL_FLASHEx_OBProgram) refers to stm32f4xx_hal_flash.o(i.FLASH_WaitForLastOperation) for FLASH_WaitForLastOperation
    stm32f4xx_hal_flash_ex.o(i.HAL_FLASHEx_OBProgram) refers to stm32f4xx_hal_flash.o(.bss) for pFlash
    stm32f4xx_hal_dma_ex.o(i.HAL_DMAEx_MultiBufferStart) refers to stm32f4xx_hal_dma_ex.o(i.DMA_MultiBufferSetConfig) for DMA_MultiBufferSetConfig
    stm32f4xx_hal_dma_ex.o(i.HAL_DMAEx_MultiBufferStart_IT) refers to stm32f4xx_hal_dma_ex.o(i.DMA_MultiBufferSetConfig) for DMA_MultiBufferSetConfig
    stm32f4xx_hal.o(i.HAL_DeInit) refers to stm32f4xx_hal.o(i.HAL_MspDeInit) for HAL_MspDeInit
    stm32f4xx_hal.o(i.HAL_Delay) refers to stm32f4xx_hal.o(i.HAL_GetTick) for HAL_GetTick
    stm32f4xx_hal.o(i.HAL_GetTick) refers to stm32f4xx_hal.o(.data) for .data
    stm32f4xx_hal.o(i.HAL_IncTick) refers to stm32f4xx_hal.o(.data) for .data
    stm32f4xx_hal.o(i.HAL_Init) refers to stm32f4xx_hal_cortex.o(i.HAL_NVIC_SetPriorityGrouping) for HAL_NVIC_SetPriorityGrouping
    stm32f4xx_hal.o(i.HAL_Init) refers to stm32f4xx_hal.o(i.HAL_InitTick) for HAL_InitTick
    stm32f4xx_hal.o(i.HAL_Init) refers to stm32f4xx_hal_msp.o(i.HAL_MspInit) for HAL_MspInit
    stm32f4xx_hal.o(i.HAL_InitTick) refers to stm32f4xx_hal_cortex.o(i.HAL_SYSTICK_Config) for HAL_SYSTICK_Config
    stm32f4xx_hal.o(i.HAL_InitTick) refers to stm32f4xx_hal_cortex.o(i.HAL_NVIC_SetPriority) for HAL_NVIC_SetPriority
    stm32f4xx_hal.o(i.HAL_InitTick) refers to system_stm32f4xx.o(.data) for SystemCoreClock
    stm32f4xx_it.o(i.CAN1_RX0_IRQHandler) refers to stm32f4xx_hal_can.o(i.HAL_CAN_IRQHandler) for HAL_CAN_IRQHandler
    stm32f4xx_it.o(i.CAN1_RX0_IRQHandler) refers to main.o(.bss) for hcan1
    stm32f4xx_it.o(i.CAN1_TX_IRQHandler) refers to stm32f4xx_hal_can.o(i.HAL_CAN_IRQHandler) for HAL_CAN_IRQHandler
    stm32f4xx_it.o(i.CAN1_TX_IRQHandler) refers to main.o(.bss) for hcan1
    stm32f4xx_it.o(i.SysTick_Handler) refers to stm32f4xx_hal.o(i.HAL_IncTick) for HAL_IncTick
    stm32f4xx_it.o(i.SysTick_Handler) refers to stm32f4xx_hal_cortex.o(i.HAL_SYSTICK_IRQHandler) for HAL_SYSTICK_IRQHandler
    main.o(i.HAL_CAN_RxCpltCallback) refers to printf1.o(i.__0printf$1) for __2printf
    main.o(i.HAL_CAN_RxCpltCallback) refers to main.o(.bss) for .bss
    main.o(i.HAL_CAN_TxCpltCallback) refers to printf1.o(i.__0printf$1) for __2printf
    main.o(i.MX_CAN1_Init) refers to stm32f4xx_hal_can.o(i.HAL_CAN_Init) for HAL_CAN_Init
    main.o(i.MX_CAN1_Init) refers to main.o(.bss) for .bss
    main.o(i.MX_GPIO_Init) refers to stm32f4xx_hal_gpio.o(i.HAL_GPIO_WritePin) for HAL_GPIO_WritePin
    main.o(i.MX_GPIO_Init) refers to stm32f4xx_hal_gpio.o(i.HAL_GPIO_Init) for HAL_GPIO_Init
    main.o(i.SystemClock_Config) refers to stm32f4xx_hal_rcc.o(i.HAL_RCC_OscConfig) for HAL_RCC_OscConfig
    main.o(i.SystemClock_Config) refers to stm32f4xx_hal_rcc.o(i.HAL_RCC_ClockConfig) for HAL_RCC_ClockConfig
    main.o(i.SystemClock_Config) refers to stm32f4xx_hal_rcc.o(i.HAL_RCC_GetHCLKFreq) for HAL_RCC_GetHCLKFreq
    main.o(i.SystemClock_Config) refers to stm32f4xx_hal_cortex.o(i.HAL_SYSTICK_Config) for HAL_SYSTICK_Config
    main.o(i.SystemClock_Config) refers to stm32f4xx_hal_cortex.o(i.HAL_SYSTICK_CLKSourceConfig) for HAL_SYSTICK_CLKSourceConfig
    main.o(i.SystemClock_Config) refers to stm32f4xx_hal_cortex.o(i.HAL_NVIC_SetPriority) for HAL_NVIC_SetPriority
    main.o(i.main) refers to stm32f4xx_hal.o(i.HAL_Init) for HAL_Init
    main.o(i.main) refers to main.o(i.SystemClock_Config) for SystemClock_Config
    main.o(i.main) refers to main.o(i.MX_GPIO_Init) for MX_GPIO_Init
    main.o(i.main) refers to main.o(i.MX_CAN1_Init) for MX_CAN1_Init
    main.o(i.main) refers to stm32f4xx_hal_can.o(i.HAL_CAN_Init) for HAL_CAN_Init
    main.o(i.main) refers to stm32f4xx_hal_can.o(i.HAL_CAN_ConfigFilter) for HAL_CAN_ConfigFilter
    main.o(i.main) refers to printf1.o(i.__0printf$1) for __2printf
    main.o(i.main) refers to stm32f4xx_hal_can.o(i.HAL_CAN_Transmit_IT) for HAL_CAN_Transmit_IT
    main.o(i.main) refers to stm32f4xx_hal.o(i.HAL_Delay) for HAL_Delay
    main.o(i.main) refers to stm32f4xx_hal_can.o(i.HAL_CAN_Receive_IT) for HAL_CAN_Receive_IT
    main.o(i.main) refers to main.o(.bss) for .bss
    stm32f4xx_hal_msp.o(i.HAL_CAN_MspDeInit) refers to stm32f4xx_hal_gpio.o(i.HAL_GPIO_DeInit) for HAL_GPIO_DeInit
    stm32f4xx_hal_msp.o(i.HAL_CAN_MspDeInit) refers to stm32f4xx_hal_cortex.o(i.HAL_NVIC_DisableIRQ) for HAL_NVIC_DisableIRQ
    stm32f4xx_hal_msp.o(i.HAL_CAN_MspInit) refers to stm32f4xx_hal_gpio.o(i.HAL_GPIO_Init) for HAL_GPIO_Init
    stm32f4xx_hal_msp.o(i.HAL_CAN_MspInit) refers to stm32f4xx_hal_cortex.o(i.HAL_NVIC_SetPriority) for HAL_NVIC_SetPriority
    stm32f4xx_hal_msp.o(i.HAL_CAN_MspInit) refers to stm32f4xx_hal_cortex.o(i.HAL_NVIC_EnableIRQ) for HAL_NVIC_EnableIRQ
    stm32f4xx_hal_msp.o(i.HAL_MspInit) refers to stm32f4xx_hal_cortex.o(i.HAL_NVIC_SetPriorityGrouping) for HAL_NVIC_SetPriorityGrouping
    stm32f4xx_hal_msp.o(i.HAL_MspInit) refers to stm32f4xx_hal_cortex.o(i.HAL_NVIC_SetPriority) for HAL_NVIC_SetPriority
    startup_stm32f407xx.o(RESET) refers to startup_stm32f407xx.o(STACK) for __initial_sp
    startup_stm32f407xx.o(RESET) refers to startup_stm32f407xx.o(.text) for Reset_Handler
    startup_stm32f407xx.o(RESET) refers to stm32f4xx_it.o(i.SysTick_Handler) for SysTick_Handler
    startup_stm32f407xx.o(RESET) refers to stm32f4xx_it.o(i.CAN1_TX_IRQHandler) for CAN1_TX_IRQHandler
    startup_stm32f407xx.o(RESET) refers to stm32f4xx_it.o(i.CAN1_RX0_IRQHandler) for CAN1_RX0_IRQHandler
    startup_stm32f407xx.o(.text) refers to system_stm32f4xx.o(i.SystemInit) for SystemInit
    startup_stm32f407xx.o(.text) refers to entry.o(.ARM.Collect$$$$00000000) for __main
    entry.o(.ARM.Collect$$$$00000000) refers (Special) to entry10a.o(.ARM.Collect$$$$0000000D) for __rt_final_cpp
    entry.o(.ARM.Collect$$$$00000000) refers (Special) to entry11a.o(.ARM.Collect$$$$0000000F) for __rt_final_exit
    entry.o(.ARM.Collect$$$$00000000) refers (Special) to entry7b.o(.ARM.Collect$$$$00000008) for _main_clock
    entry.o(.ARM.Collect$$$$00000000) refers (Special) to entry8b.o(.ARM.Collect$$$$0000000A) for _main_cpp_init
    entry.o(.ARM.Collect$$$$00000000) refers (Special) to entry9a.o(.ARM.Collect$$$$0000000B) for _main_init
    entry.o(.ARM.Collect$$$$00000000) refers (Special) to entry5.o(.ARM.Collect$$$$00000004) for _main_scatterload
    entry.o(.ARM.Collect$$$$00000000) refers (Special) to entry2.o(.ARM.Collect$$$$00000001) for _main_stk
    printfb.o(i.__0fprintf$bare) refers to printfb.o(i._printf_core) for _printf_core
    printfb.o(i.__0fprintf$bare) refers to fputc_debug.o(i.fputc) for fputc
    printfb.o(i.__0printf$bare) refers to printfb.o(i._printf_core) for _printf_core
    printfb.o(i.__0printf$bare) refers to fputc_debug.o(i.fputc) for fputc
    printfb.o(i.__0printf$bare) refers to fputc_debug.o(.data) for __stdout
    printfb.o(i.__0snprintf$bare) refers to printfb.o(i._printf_core) for _printf_core
    printfb.o(i.__0snprintf$bare) refers to printfb.o(i._snputc) for _snputc
    printfb.o(i.__0sprintf$bare) refers to printfb.o(i._printf_core) for _printf_core
    printfb.o(i.__0sprintf$bare) refers to printfb.o(i._sputc) for _sputc
    printfb.o(i.__0vfprintf$bare) refers to printfb.o(i._printf_core) for _printf_core
    printfb.o(i.__0vfprintf$bare) refers to fputc_debug.o(i.fputc) for fputc
    printfb.o(i.__0vprintf$bare) refers to printfb.o(i._printf_core) for _printf_core
    printfb.o(i.__0vprintf$bare) refers to fputc_debug.o(i.fputc) for fputc
    printfb.o(i.__0vprintf$bare) refers to fputc_debug.o(.data) for __stdout
    printfb.o(i.__0vsnprintf$bare) refers to printfb.o(i._printf_core) for _printf_core
    printfb.o(i.__0vsnprintf$bare) refers to printfb.o(i._snputc) for _snputc
    printfb.o(i.__0vsprintf$bare) refers to printfb.o(i._printf_core) for _printf_core
    printfb.o(i.__0vsprintf$bare) refers to printfb.o(i._sputc) for _sputc
    printf0.o(i.__0fprintf$0) refers to printf0.o(i._printf_core) for _printf_core
    printf0.o(i.__0fprintf$0) refers to fputc_debug.o(i.fputc) for fputc
    printf0.o(i.__0printf$0) refers to printf0.o(i._printf_core) for _printf_core
    printf0.o(i.__0printf$0) refers to fputc_debug.o(i.fputc) for fputc
    printf0.o(i.__0printf$0) refers to fputc_debug.o(.data) for __stdout
    printf0.o(i.__0snprintf$0) refers to printf0.o(i._printf_core) for _printf_core
    printf0.o(i.__0snprintf$0) refers to printf0.o(i._snputc) for _snputc
    printf0.o(i.__0sprintf$0) refers to printf0.o(i._printf_core) for _printf_core
    printf0.o(i.__0sprintf$0) refers to printf0.o(i._sputc) for _sputc
    printf0.o(i.__0vfprintf$0) refers to printf0.o(i._printf_core) for _printf_core
    printf0.o(i.__0vfprintf$0) refers to fputc_debug.o(i.fputc) for fputc
    printf0.o(i.__0vprintf$0) refers to printf0.o(i._printf_core) for _printf_core
    printf0.o(i.__0vprintf$0) refers to fputc_debug.o(i.fputc) for fputc
    printf0.o(i.__0vprintf$0) refers to fputc_debug.o(.data) for __stdout
    printf0.o(i.__0vsnprintf$0) refers to printf0.o(i._printf_core) for _printf_core
    printf0.o(i.__0vsnprintf$0) refers to printf0.o(i._snputc) for _snputc
    printf0.o(i.__0vsprintf$0) refers to printf0.o(i._printf_core) for _printf_core
    printf0.o(i.__0vsprintf$0) refers to printf0.o(i._sputc) for _sputc
    printf1.o(i.__0fprintf$1) refers to printf1.o(i._printf_core) for _printf_core
    printf1.o(i.__0fprintf$1) refers to fputc_debug.o(i.fputc) for fputc
    printf1.o(i.__0printf$1) refers to printf1.o(i._printf_core) for _printf_core
    printf1.o(i.__0printf$1) refers to fputc_debug.o(i.fputc) for fputc
    printf1.o(i.__0printf$1) refers to fputc_debug.o(.data) for __stdout
    printf1.o(i.__0snprintf$1) refers to printf1.o(i._printf_core) for _printf_core
    printf1.o(i.__0snprintf$1) refers to printf1.o(i._snputc) for _snputc
    printf1.o(i.__0sprintf$1) refers to printf1.o(i._printf_core) for _printf_core
    printf1.o(i.__0sprintf$1) refers to printf1.o(i._sputc) for _sputc
    printf1.o(i.__0vfprintf$1) refers to printf1.o(i._printf_core) for _printf_core
    printf1.o(i.__0vfprintf$1) refers to fputc_debug.o(i.fputc) for fputc
    printf1.o(i.__0vprintf$1) refers to printf1.o(i._printf_core) for _printf_core
    printf1.o(i.__0vprintf$1) refers to fputc_debug.o(i.fputc) for fputc
    printf1.o(i.__0vprintf$1) refers to fputc_debug.o(.data) for __stdout
    printf1.o(i.__0vsnprintf$1) refers to printf1.o(i._printf_core) for _printf_core
    printf1.o(i.__0vsnprintf$1) refers to printf1.o(i._snputc) for _snputc
    printf1.o(i.__0vsprintf$1) refers to printf1.o(i._printf_core) for _printf_core
    printf1.o(i.__0vsprintf$1) refers to printf1.o(i._sputc) for _sputc
    printf1.o(i._printf_core) refers to uidiv.o(.text) for __aeabi_uidivmod
    printf2.o(i.__0fprintf$2) refers to printf2.o(i._printf_core) for _printf_core
    printf2.o(i.__0fprintf$2) refers to fputc_debug.o(i.fputc) for fputc
    printf2.o(i.__0printf$2) refers to printf2.o(i._printf_core) for _printf_core
    printf2.o(i.__0printf$2) refers to fputc_debug.o(i.fputc) for fputc
    printf2.o(i.__0printf$2) refers to fputc_debug.o(.data) for __stdout
    printf2.o(i.__0snprintf$2) refers to printf2.o(i._printf_core) for _printf_core
    printf2.o(i.__0snprintf$2) refers to printf2.o(i._snputc) for _snputc
    printf2.o(i.__0sprintf$2) refers to printf2.o(i._printf_core) for _printf_core
    printf2.o(i.__0sprintf$2) refers to printf2.o(i._sputc) for _sputc
    printf2.o(i.__0vfprintf$2) refers to printf2.o(i._printf_core) for _printf_core
    printf2.o(i.__0vfprintf$2) refers to fputc_debug.o(i.fputc) for fputc
    printf2.o(i.__0vprintf$2) refers to printf2.o(i._printf_core) for _printf_core
    printf2.o(i.__0vprintf$2) refers to fputc_debug.o(i.fputc) for fputc
    printf2.o(i.__0vprintf$2) refers to fputc_debug.o(.data) for __stdout
    printf2.o(i.__0vsnprintf$2) refers to printf2.o(i._printf_core) for _printf_core
    printf2.o(i.__0vsnprintf$2) refers to printf2.o(i._snputc) for _snputc
    printf2.o(i.__0vsprintf$2) refers to printf2.o(i._printf_core) for _printf_core
    printf2.o(i.__0vsprintf$2) refers to printf2.o(i._sputc) for _sputc
    printf3.o(i.__0fprintf$3) refers to printf3.o(i._printf_core) for _printf_core
    printf3.o(i.__0fprintf$3) refers to fputc_debug.o(i.fputc) for fputc
    printf3.o(i.__0printf$3) refers to printf3.o(i._printf_core) for _printf_core
    printf3.o(i.__0printf$3) refers to fputc_debug.o(i.fputc) for fputc
    printf3.o(i.__0printf$3) refers to fputc_debug.o(.data) for __stdout
    printf3.o(i.__0snprintf$3) refers to printf3.o(i._printf_core) for _printf_core
    printf3.o(i.__0snprintf$3) refers to printf3.o(i._snputc) for _snputc
    printf3.o(i.__0sprintf$3) refers to printf3.o(i._printf_core) for _printf_core
    printf3.o(i.__0sprintf$3) refers to printf3.o(i._sputc) for _sputc
    printf3.o(i.__0vfprintf$3) refers to printf3.o(i._printf_core) for _printf_core
    printf3.o(i.__0vfprintf$3) refers to fputc_debug.o(i.fputc) for fputc
    printf3.o(i.__0vprintf$3) refers to printf3.o(i._printf_core) for _printf_core
    printf3.o(i.__0vprintf$3) refers to fputc_debug.o(i.fputc) for fputc
    printf3.o(i.__0vprintf$3) refers to fputc_debug.o(.data) for __stdout
    printf3.o(i.__0vsnprintf$3) refers to printf3.o(i._printf_core) for _printf_core
    printf3.o(i.__0vsnprintf$3) refers to printf3.o(i._snputc) for _snputc
    printf3.o(i.__0vsprintf$3) refers to printf3.o(i._printf_core) for _printf_core
    printf3.o(i.__0vsprintf$3) refers to printf3.o(i._sputc) for _sputc
    printf3.o(i._printf_core) refers to uidiv.o(.text) for __aeabi_uidivmod
    printf4.o(i.__0fprintf$4) refers to printf4.o(i._printf_core) for _printf_core
    printf4.o(i.__0fprintf$4) refers to fputc_debug.o(i.fputc) for fputc
    printf4.o(i.__0printf$4) refers to printf4.o(i._printf_core) for _printf_core
    printf4.o(i.__0printf$4) refers to fputc_debug.o(i.fputc) for fputc
    printf4.o(i.__0printf$4) refers to fputc_debug.o(.data) for __stdout
    printf4.o(i.__0snprintf$4) refers to printf4.o(i._printf_core) for _printf_core
    printf4.o(i.__0snprintf$4) refers to printf4.o(i._snputc) for _snputc
    printf4.o(i.__0sprintf$4) refers to printf4.o(i._printf_core) for _printf_core
    printf4.o(i.__0sprintf$4) refers to printf4.o(i._sputc) for _sputc
    printf4.o(i.__0vfprintf$4) refers to printf4.o(i._printf_core) for _printf_core
    printf4.o(i.__0vfprintf$4) refers to fputc_debug.o(i.fputc) for fputc
    printf4.o(i.__0vprintf$4) refers to printf4.o(i._printf_core) for _printf_core
    printf4.o(i.__0vprintf$4) refers to fputc_debug.o(i.fputc) for fputc
    printf4.o(i.__0vprintf$4) refers to fputc_debug.o(.data) for __stdout
    printf4.o(i.__0vsnprintf$4) refers to printf4.o(i._printf_core) for _printf_core
    printf4.o(i.__0vsnprintf$4) refers to printf4.o(i._snputc) for _snputc
    printf4.o(i.__0vsprintf$4) refers to printf4.o(i._printf_core) for _printf_core
    printf4.o(i.__0vsprintf$4) refers to printf4.o(i._sputc) for _sputc
    printf4.o(i._printf_core) refers to uldiv.o(.text) for __aeabi_uldivmod
    printf5.o(i.__0fprintf$5) refers to printf5.o(i._printf_core) for _printf_core
    printf5.o(i.__0fprintf$5) refers to fputc_debug.o(i.fputc) for fputc
    printf5.o(i.__0printf$5) refers to printf5.o(i._printf_core) for _printf_core
    printf5.o(i.__0printf$5) refers to fputc_debug.o(i.fputc) for fputc
    printf5.o(i.__0printf$5) refers to fputc_debug.o(.data) for __stdout
    printf5.o(i.__0snprintf$5) refers to printf5.o(i._printf_core) for _printf_core
    printf5.o(i.__0snprintf$5) refers to printf5.o(i._snputc) for _snputc
    printf5.o(i.__0sprintf$5) refers to printf5.o(i._printf_core) for _printf_core
    printf5.o(i.__0sprintf$5) refers to printf5.o(i._sputc) for _sputc
    printf5.o(i.__0vfprintf$5) refers to printf5.o(i._printf_core) for _printf_core
    printf5.o(i.__0vfprintf$5) refers to fputc_debug.o(i.fputc) for fputc
    printf5.o(i.__0vprintf$5) refers to printf5.o(i._printf_core) for _printf_core
    printf5.o(i.__0vprintf$5) refers to fputc_debug.o(i.fputc) for fputc
    printf5.o(i.__0vprintf$5) refers to fputc_debug.o(.data) for __stdout
    printf5.o(i.__0vsnprintf$5) refers to printf5.o(i._printf_core) for _printf_core
    printf5.o(i.__0vsnprintf$5) refers to printf5.o(i._snputc) for _snputc
    printf5.o(i.__0vsprintf$5) refers to printf5.o(i._printf_core) for _printf_core
    printf5.o(i.__0vsprintf$5) refers to printf5.o(i._sputc) for _sputc
    printf5.o(i._printf_core) refers to uldiv.o(.text) for __aeabi_uldivmod
    printf6.o(i.__0fprintf$6) refers to printf6.o(i._printf_core) for _printf_core
    printf6.o(i.__0fprintf$6) refers to fputc_debug.o(i.fputc) for fputc
    printf6.o(i.__0printf$6) refers to printf6.o(i._printf_core) for _printf_core
    printf6.o(i.__0printf$6) refers to fputc_debug.o(i.fputc) for fputc
    printf6.o(i.__0printf$6) refers to fputc_debug.o(.data) for __stdout
    printf6.o(i.__0snprintf$6) refers to printf6.o(i._printf_core) for _printf_core
    printf6.o(i.__0snprintf$6) refers to printf6.o(i._snputc) for _snputc
    printf6.o(i.__0sprintf$6) refers to printf6.o(i._printf_core) for _printf_core
    printf6.o(i.__0sprintf$6) refers to printf6.o(i._sputc) for _sputc
    printf6.o(i.__0vfprintf$6) refers to printf6.o(i._printf_core) for _printf_core
    printf6.o(i.__0vfprintf$6) refers to fputc_debug.o(i.fputc) for fputc
    printf6.o(i.__0vprintf$6) refers to printf6.o(i._printf_core) for _printf_core
    printf6.o(i.__0vprintf$6) refers to fputc_debug.o(i.fputc) for fputc
    printf6.o(i.__0vprintf$6) refers to fputc_debug.o(.data) for __stdout
    printf6.o(i.__0vsnprintf$6) refers to printf6.o(i._printf_core) for _printf_core
    printf6.o(i.__0vsnprintf$6) refers to printf6.o(i._snputc) for _snputc
    printf6.o(i.__0vsprintf$6) refers to printf6.o(i._printf_core) for _printf_core
    printf6.o(i.__0vsprintf$6) refers to printf6.o(i._sputc) for _sputc
    printf6.o(i._printf_core) refers to printf6.o(i._printf_pre_padding) for _printf_pre_padding
    printf6.o(i._printf_core) refers to uidiv.o(.text) for __aeabi_uidivmod
    printf6.o(i._printf_core) refers to printf6.o(i._printf_post_padding) for _printf_post_padding
    printf7.o(i.__0fprintf$7) refers to printf7.o(i._printf_core) for _printf_core
    printf7.o(i.__0fprintf$7) refers to fputc_debug.o(i.fputc) for fputc
    printf7.o(i.__0printf$7) refers to printf7.o(i._printf_core) for _printf_core
    printf7.o(i.__0printf$7) refers to fputc_debug.o(i.fputc) for fputc
    printf7.o(i.__0printf$7) refers to fputc_debug.o(.data) for __stdout
    printf7.o(i.__0snprintf$7) refers to printf7.o(i._printf_core) for _printf_core
    printf7.o(i.__0snprintf$7) refers to printf7.o(i._snputc) for _snputc
    printf7.o(i.__0sprintf$7) refers to printf7.o(i._printf_core) for _printf_core
    printf7.o(i.__0sprintf$7) refers to printf7.o(i._sputc) for _sputc
    printf7.o(i.__0vfprintf$7) refers to printf7.o(i._printf_core) for _printf_core
    printf7.o(i.__0vfprintf$7) refers to fputc_debug.o(i.fputc) for fputc
    printf7.o(i.__0vprintf$7) refers to printf7.o(i._printf_core) for _printf_core
    printf7.o(i.__0vprintf$7) refers to fputc_debug.o(i.fputc) for fputc
    printf7.o(i.__0vprintf$7) refers to fputc_debug.o(.data) for __stdout
    printf7.o(i.__0vsnprintf$7) refers to printf7.o(i._printf_core) for _printf_core
    printf7.o(i.__0vsnprintf$7) refers to printf7.o(i._snputc) for _snputc
    printf7.o(i.__0vsprintf$7) refers to printf7.o(i._printf_core) for _printf_core
    printf7.o(i.__0vsprintf$7) refers to printf7.o(i._sputc) for _sputc
    printf7.o(i._printf_core) refers to printf7.o(i._printf_pre_padding) for _printf_pre_padding
    printf7.o(i._printf_core) refers to uldiv.o(.text) for __aeabi_uldivmod
    printf7.o(i._printf_core) refers to printf7.o(i._printf_post_padding) for _printf_post_padding
    printf8.o(i.__0fprintf$8) refers to printf8.o(i._printf_core) for _printf_core
    printf8.o(i.__0fprintf$8) refers to fputc_debug.o(i.fputc) for fputc
    printf8.o(i.__0printf$8) refers to printf8.o(i._printf_core) for _printf_core
    printf8.o(i.__0printf$8) refers to fputc_debug.o(i.fputc) for fputc
    printf8.o(i.__0printf$8) refers to fputc_debug.o(.data) for __stdout
    printf8.o(i.__0snprintf$8) refers to printf8.o(i._printf_core) for _printf_core
    printf8.o(i.__0snprintf$8) refers to printf8.o(i._snputc) for _snputc
    printf8.o(i.__0sprintf$8) refers to printf8.o(i._printf_core) for _printf_core
    printf8.o(i.__0sprintf$8) refers to printf8.o(i._sputc) for _sputc
    printf8.o(i.__0vfprintf$8) refers to printf8.o(i._printf_core) for _printf_core
    printf8.o(i.__0vfprintf$8) refers to fputc_debug.o(i.fputc) for fputc
    printf8.o(i.__0vprintf$8) refers to printf8.o(i._printf_core) for _printf_core
    printf8.o(i.__0vprintf$8) refers to fputc_debug.o(i.fputc) for fputc
    printf8.o(i.__0vprintf$8) refers to fputc_debug.o(.data) for __stdout
    printf8.o(i.__0vsnprintf$8) refers to printf8.o(i._printf_core) for _printf_core
    printf8.o(i.__0vsnprintf$8) refers to printf8.o(i._snputc) for _snputc
    printf8.o(i.__0vsprintf$8) refers to printf8.o(i._printf_core) for _printf_core
    printf8.o(i.__0vsprintf$8) refers to printf8.o(i._sputc) for _sputc
    printf8.o(i._printf_core) refers to printf8.o(i._printf_pre_padding) for _printf_pre_padding
    printf8.o(i._printf_core) refers to uldiv.o(.text) for __aeabi_uldivmod
    printf8.o(i._printf_core) refers to printf8.o(i._printf_post_padding) for _printf_post_padding
    printfa.o(i.__0fprintf) refers (Special) to iusefp.o(.text) for __I$use$fp
    printfa.o(i.__0fprintf) refers to printfa.o(i._printf_core) for _printf_core
    printfa.o(i.__0fprintf) refers to fputc_debug.o(i.fputc) for fputc
    printfa.o(i.__0printf) refers (Special) to iusefp.o(.text) for __I$use$fp
    printfa.o(i.__0printf) refers to printfa.o(i._printf_core) for _printf_core
    printfa.o(i.__0printf) refers to fputc_debug.o(i.fputc) for fputc
    printfa.o(i.__0printf) refers to fputc_debug.o(.data) for __stdout
    printfa.o(i.__0snprintf) refers (Special) to iusefp.o(.text) for __I$use$fp
    printfa.o(i.__0snprintf) refers to printfa.o(i._printf_core) for _printf_core
    printfa.o(i.__0snprintf) refers to printfa.o(i._snputc) for _snputc
    printfa.o(i.__0sprintf) refers (Special) to iusefp.o(.text) for __I$use$fp
    printfa.o(i.__0sprintf) refers to printfa.o(i._printf_core) for _printf_core
    printfa.o(i.__0sprintf) refers to printfa.o(i._sputc) for _sputc
    printfa.o(i.__0vfprintf) refers (Special) to iusefp.o(.text) for __I$use$fp
    printfa.o(i.__0vfprintf) refers to printfa.o(i._printf_core) for _printf_core
    printfa.o(i.__0vfprintf) refers to fputc_debug.o(i.fputc) for fputc
    printfa.o(i.__0vprintf) refers (Special) to iusefp.o(.text) for __I$use$fp
    printfa.o(i.__0vprintf) refers to printfa.o(i._printf_core) for _printf_core
    printfa.o(i.__0vprintf) refers to fputc_debug.o(i.fputc) for fputc
    printfa.o(i.__0vprintf) refers to fputc_debug.o(.data) for __stdout
    printfa.o(i.__0vsnprintf) refers (Special) to iusefp.o(.text) for __I$use$fp
    printfa.o(i.__0vsnprintf) refers to printfa.o(i._printf_core) for _printf_core
    printfa.o(i.__0vsnprintf) refers to printfa.o(i._snputc) for _snputc
    printfa.o(i.__0vsprintf) refers (Special) to iusefp.o(.text) for __I$use$fp
    printfa.o(i.__0vsprintf) refers to printfa.o(i._printf_core) for _printf_core
    printfa.o(i.__0vsprintf) refers to printfa.o(i._sputc) for _sputc
    printfa.o(i._fp_digits) refers (Special) to iusefp.o(.text) for __I$use$fp
    printfa.o(i._fp_digits) refers to dmul.o(.text) for __aeabi_dmul
    printfa.o(i._fp_digits) refers to ddiv.o(.text) for __aeabi_ddiv
    printfa.o(i._fp_digits) refers to cdrcmple.o(.text) for __aeabi_cdrcmple
    printfa.o(i._fp_digits) refers to dadd.o(.text) for __aeabi_dadd
    printfa.o(i._fp_digits) refers to dfixul.o(.text) for __aeabi_d2ulz
    printfa.o(i._fp_digits) refers to uldiv.o(.text) for __aeabi_uldivmod
    printfa.o(i._printf_core) refers (Special) to iusefp.o(.text) for __I$use$fp
    printfa.o(i._printf_core) refers to printfa.o(i._printf_pre_padding) for _printf_pre_padding
    printfa.o(i._printf_core) refers to uldiv.o(.text) for __aeabi_uldivmod
    printfa.o(i._printf_core) refers to printfa.o(i._printf_post_padding) for _printf_post_padding
    printfa.o(i._printf_core) refers to printfa.o(i._fp_digits) for _fp_digits
    printfa.o(i._printf_core) refers to uidiv.o(.text) for __aeabi_uidivmod
    printfa.o(i._printf_post_padding) refers (Special) to iusefp.o(.text) for __I$use$fp
    printfa.o(i._printf_pre_padding) refers (Special) to iusefp.o(.text) for __I$use$fp
    printfa.o(i._snputc) refers (Special) to iusefp.o(.text) for __I$use$fp
    printfa.o(i._sputc) refers (Special) to iusefp.o(.text) for __I$use$fp
    entry2.o(.ARM.Collect$$$$00000001) refers to entry2.o(.ARM.Collect$$$$00002712) for __lit__00000000
    entry2.o(.ARM.Collect$$$$00002712) refers to startup_stm32f407xx.o(STACK) for __initial_sp
    entry2.o(__vectab_stack_and_reset_area) refers to startup_stm32f407xx.o(STACK) for __initial_sp
    entry2.o(__vectab_stack_and_reset_area) refers to entry.o(.ARM.Collect$$$$00000000) for __main
    entry5.o(.ARM.Collect$$$$00000004) refers to init.o(.text) for __scatterload
    entry9a.o(.ARM.Collect$$$$0000000B) refers to main.o(i.main) for main
    entry9b.o(.ARM.Collect$$$$0000000C) refers to main.o(i.main) for main
    uldiv.o(.text) refers to llushr.o(.text) for __aeabi_llsr
    uldiv.o(.text) refers to llshl.o(.text) for __aeabi_llsl
    dadd.o(.text) refers to llshl.o(.text) for __aeabi_llsl
    dadd.o(.text) refers to llsshr.o(.text) for __aeabi_lasr
    dadd.o(.text) refers to depilogue.o(.text) for _double_epilogue
    dmul.o(.text) refers to depilogue.o(.text) for _double_epilogue
    ddiv.o(.text) refers to depilogue.o(.text) for _double_round
    dfixul.o(.text) refers to llushr.o(.text) for __aeabi_llsr
    dfixul.o(.text) refers to llshl.o(.text) for __aeabi_llsl
    init.o(.text) refers to entry5.o(.ARM.Collect$$$$00000004) for __main_after_scatterload
    depilogue.o(.text) refers to llshl.o(.text) for __aeabi_llsl
    depilogue.o(.text) refers to llushr.o(.text) for __aeabi_llsr


==============================================================================

Removing Unused input sections from the image.

    Removing system_stm32f4xx.o(.rev16_text), (4 bytes).
    Removing system_stm32f4xx.o(.revsh_text), (4 bytes).
    Removing system_stm32f4xx.o(.rrx_text), (6 bytes).
    Removing system_stm32f4xx.o(i.SystemCoreClockUpdate), (120 bytes).
    Removing system_stm32f4xx.o(.constdata), (16 bytes).
    Removing stm32f4xx_hal_dma.o(.rev16_text), (4 bytes).
    Removing stm32f4xx_hal_dma.o(.revsh_text), (4 bytes).
    Removing stm32f4xx_hal_dma.o(.rrx_text), (6 bytes).
    Removing stm32f4xx_hal_dma.o(i.DMA_CalcBaseAndBitshift), (40 bytes).
    Removing stm32f4xx_hal_dma.o(i.DMA_CheckFifoParam), (84 bytes).
    Removing stm32f4xx_hal_dma.o(i.DMA_SetConfig), (40 bytes).
    Removing stm32f4xx_hal_dma.o(i.HAL_DMA_Abort), (142 bytes).
    Removing stm32f4xx_hal_dma.o(i.HAL_DMA_Abort_IT), (36 bytes).
    Removing stm32f4xx_hal_dma.o(i.HAL_DMA_DeInit), (86 bytes).
    Removing stm32f4xx_hal_dma.o(i.HAL_DMA_GetError), (4 bytes).
    Removing stm32f4xx_hal_dma.o(i.HAL_DMA_GetState), (6 bytes).
    Removing stm32f4xx_hal_dma.o(i.HAL_DMA_IRQHandler), (424 bytes).
    Removing stm32f4xx_hal_dma.o(i.HAL_DMA_Init), (208 bytes).
    Removing stm32f4xx_hal_dma.o(i.HAL_DMA_PollForTransfer), (272 bytes).
    Removing stm32f4xx_hal_dma.o(i.HAL_DMA_RegisterCallback), (80 bytes).
    Removing stm32f4xx_hal_dma.o(i.HAL_DMA_Start), (70 bytes).
    Removing stm32f4xx_hal_dma.o(i.HAL_DMA_Start_IT), (120 bytes).
    Removing stm32f4xx_hal_dma.o(i.HAL_DMA_UnRegisterCallback), (96 bytes).
    Removing stm32f4xx_hal_dma.o(.constdata), (8 bytes).
    Removing stm32f4xx_hal_cortex.o(.rev16_text), (4 bytes).
    Removing stm32f4xx_hal_cortex.o(.revsh_text), (4 bytes).
    Removing stm32f4xx_hal_cortex.o(.rrx_text), (6 bytes).
    Removing stm32f4xx_hal_cortex.o(i.HAL_MPU_ConfigRegion), (84 bytes).
    Removing stm32f4xx_hal_cortex.o(i.HAL_NVIC_ClearPendingIRQ), (22 bytes).
    Removing stm32f4xx_hal_cortex.o(i.HAL_NVIC_DisableIRQ), (22 bytes).
    Removing stm32f4xx_hal_cortex.o(i.HAL_NVIC_GetActive), (32 bytes).
    Removing stm32f4xx_hal_cortex.o(i.HAL_NVIC_GetPendingIRQ), (32 bytes).
    Removing stm32f4xx_hal_cortex.o(i.HAL_NVIC_GetPriority), (82 bytes).
    Removing stm32f4xx_hal_cortex.o(i.HAL_NVIC_GetPriorityGrouping), (16 bytes).
    Removing stm32f4xx_hal_cortex.o(i.HAL_NVIC_SetPendingIRQ), (22 bytes).
    Removing stm32f4xx_hal_cortex.o(i.HAL_NVIC_SystemReset), (36 bytes).
    Removing stm32f4xx_hal_flash.o(.rev16_text), (4 bytes).
    Removing stm32f4xx_hal_flash.o(.revsh_text), (4 bytes).
    Removing stm32f4xx_hal_flash.o(.rrx_text), (6 bytes).
    Removing stm32f4xx_hal_flash.o(i.FLASH_Program_Byte), (32 bytes).
    Removing stm32f4xx_hal_flash.o(i.FLASH_Program_DoubleWord), (40 bytes).
    Removing stm32f4xx_hal_flash.o(i.FLASH_Program_HalfWord), (36 bytes).
    Removing stm32f4xx_hal_flash.o(i.FLASH_Program_Word), (36 bytes).
    Removing stm32f4xx_hal_flash.o(i.FLASH_SetErrorCode), (136 bytes).
    Removing stm32f4xx_hal_flash.o(i.FLASH_WaitForLastOperation), (88 bytes).
    Removing stm32f4xx_hal_flash.o(i.HAL_FLASH_EndOfOperationCallback), (2 bytes).
    Removing stm32f4xx_hal_flash.o(i.HAL_FLASH_GetError), (12 bytes).
    Removing stm32f4xx_hal_flash.o(i.HAL_FLASH_IRQHandler), (208 bytes).
    Removing stm32f4xx_hal_flash.o(i.HAL_FLASH_Lock), (20 bytes).
    Removing stm32f4xx_hal_flash.o(i.HAL_FLASH_OB_Launch), (24 bytes).
    Removing stm32f4xx_hal_flash.o(i.HAL_FLASH_OB_Lock), (20 bytes).
    Removing stm32f4xx_hal_flash.o(i.HAL_FLASH_OB_Unlock), (40 bytes).
    Removing stm32f4xx_hal_flash.o(i.HAL_FLASH_OperationErrorCallback), (2 bytes).
    Removing stm32f4xx_hal_flash.o(i.HAL_FLASH_Program), (124 bytes).
    Removing stm32f4xx_hal_flash.o(i.HAL_FLASH_Program_IT), (108 bytes).
    Removing stm32f4xx_hal_flash.o(i.HAL_FLASH_Unlock), (40 bytes).
    Removing stm32f4xx_hal_flash.o(.bss), (32 bytes).
    Removing stm32f4xx_hal_pwr.o(.rev16_text), (4 bytes).
    Removing stm32f4xx_hal_pwr.o(.revsh_text), (4 bytes).
    Removing stm32f4xx_hal_pwr.o(.rrx_text), (6 bytes).
    Removing stm32f4xx_hal_pwr.o(i.HAL_PWR_ConfigPVD), (124 bytes).
    Removing stm32f4xx_hal_pwr.o(i.HAL_PWR_DeInit), (24 bytes).
    Removing stm32f4xx_hal_pwr.o(i.HAL_PWR_DisableBkUpAccess), (28 bytes).
    Removing stm32f4xx_hal_pwr.o(i.HAL_PWR_DisablePVD), (24 bytes).
    Removing stm32f4xx_hal_pwr.o(i.HAL_PWR_DisableSEVOnPend), (16 bytes).
    Removing stm32f4xx_hal_pwr.o(i.HAL_PWR_DisableSleepOnExit), (16 bytes).
    Removing stm32f4xx_hal_pwr.o(i.HAL_PWR_DisableWakeUpPin), (16 bytes).
    Removing stm32f4xx_hal_pwr.o(i.HAL_PWR_EnableBkUpAccess), (24 bytes).
    Removing stm32f4xx_hal_pwr.o(i.HAL_PWR_EnablePVD), (24 bytes).
    Removing stm32f4xx_hal_pwr.o(i.HAL_PWR_EnableSEVOnPend), (16 bytes).
    Removing stm32f4xx_hal_pwr.o(i.HAL_PWR_EnableSleepOnExit), (16 bytes).
    Removing stm32f4xx_hal_pwr.o(i.HAL_PWR_EnableWakeUpPin), (16 bytes).
    Removing stm32f4xx_hal_pwr.o(i.HAL_PWR_EnterSLEEPMode), (32 bytes).
    Removing stm32f4xx_hal_pwr.o(i.HAL_PWR_EnterSTANDBYMode), (32 bytes).
    Removing stm32f4xx_hal_pwr.o(i.HAL_PWR_EnterSTOPMode), (56 bytes).
    Removing stm32f4xx_hal_pwr.o(i.HAL_PWR_PVDCallback), (2 bytes).
    Removing stm32f4xx_hal_pwr.o(i.HAL_PWR_PVD_IRQHandler), (28 bytes).
    Removing stm32f4xx_hal_pwr_ex.o(.rev16_text), (4 bytes).
    Removing stm32f4xx_hal_pwr_ex.o(.revsh_text), (4 bytes).
    Removing stm32f4xx_hal_pwr_ex.o(.rrx_text), (6 bytes).
    Removing stm32f4xx_hal_pwr_ex.o(i.HAL_PWREx_ControlVoltageScaling), (88 bytes).
    Removing stm32f4xx_hal_pwr_ex.o(i.HAL_PWREx_DisableBkUpReg), (76 bytes).
    Removing stm32f4xx_hal_pwr_ex.o(i.HAL_PWREx_DisableFlashPowerDown), (28 bytes).
    Removing stm32f4xx_hal_pwr_ex.o(i.HAL_PWREx_EnableBkUpReg), (76 bytes).
    Removing stm32f4xx_hal_pwr_ex.o(i.HAL_PWREx_EnableFlashPowerDown), (24 bytes).
    Removing stm32f4xx_hal_pwr_ex.o(i.HAL_PWREx_GetVoltageRange), (16 bytes).
    Removing stm32f4xx_hal_flash_ramfunc.o(.rev16_text), (4 bytes).
    Removing stm32f4xx_hal_flash_ramfunc.o(.revsh_text), (4 bytes).
    Removing stm32f4xx_hal_flash_ramfunc.o(.rrx_text), (6 bytes).
    Removing stm32f4xx_hal_tim.o(.rev16_text), (4 bytes).
    Removing stm32f4xx_hal_tim.o(.revsh_text), (4 bytes).
    Removing stm32f4xx_hal_tim.o(.rrx_text), (6 bytes).
    Removing stm32f4xx_hal_rcc.o(.rev16_text), (4 bytes).
    Removing stm32f4xx_hal_rcc.o(.revsh_text), (4 bytes).
    Removing stm32f4xx_hal_rcc.o(.rrx_text), (6 bytes).
    Removing stm32f4xx_hal_rcc.o(i.HAL_RCC_CSSCallback), (2 bytes).
    Removing stm32f4xx_hal_rcc.o(i.HAL_RCC_DeInit), (2 bytes).
    Removing stm32f4xx_hal_rcc.o(i.HAL_RCC_DisableCSS), (12 bytes).
    Removing stm32f4xx_hal_rcc.o(i.HAL_RCC_EnableCSS), (12 bytes).
    Removing stm32f4xx_hal_rcc.o(i.HAL_RCC_GetClockConfig), (64 bytes).
    Removing stm32f4xx_hal_rcc.o(i.HAL_RCC_GetOscConfig), (224 bytes).
    Removing stm32f4xx_hal_rcc.o(i.HAL_RCC_GetPCLK1Freq), (48 bytes).
    Removing stm32f4xx_hal_rcc.o(i.HAL_RCC_GetPCLK2Freq), (48 bytes).
    Removing stm32f4xx_hal_rcc.o(i.HAL_RCC_MCOConfig), (140 bytes).
    Removing stm32f4xx_hal_rcc.o(i.HAL_RCC_NMI_IRQHandler), (28 bytes).
    Removing stm32f4xx_hal_gpio.o(.rev16_text), (4 bytes).
    Removing stm32f4xx_hal_gpio.o(.revsh_text), (4 bytes).
    Removing stm32f4xx_hal_gpio.o(.rrx_text), (6 bytes).
    Removing stm32f4xx_hal_gpio.o(i.HAL_GPIO_DeInit), (352 bytes).
    Removing stm32f4xx_hal_gpio.o(i.HAL_GPIO_EXTI_Callback), (2 bytes).
    Removing stm32f4xx_hal_gpio.o(i.HAL_GPIO_EXTI_IRQHandler), (24 bytes).
    Removing stm32f4xx_hal_gpio.o(i.HAL_GPIO_LockPin), (34 bytes).
    Removing stm32f4xx_hal_gpio.o(i.HAL_GPIO_ReadPin), (10 bytes).
    Removing stm32f4xx_hal_gpio.o(i.HAL_GPIO_TogglePin), (8 bytes).
    Removing stm32f4xx_hal_rcc_ex.o(.rev16_text), (4 bytes).
    Removing stm32f4xx_hal_rcc_ex.o(.revsh_text), (4 bytes).
    Removing stm32f4xx_hal_rcc_ex.o(.rrx_text), (6 bytes).
    Removing stm32f4xx_hal_rcc_ex.o(i.HAL_RCCEx_GetPeriphCLKConfig), (80 bytes).
    Removing stm32f4xx_hal_rcc_ex.o(i.HAL_RCCEx_PeriphCLKConfig), (336 bytes).
    Removing stm32f4xx_hal_rcc_ex.o(i.HAL_RCC_DeInit), (100 bytes).
    Removing stm32f4xx_hal_can.o(.rev16_text), (4 bytes).
    Removing stm32f4xx_hal_can.o(.revsh_text), (4 bytes).
    Removing stm32f4xx_hal_can.o(.rrx_text), (6 bytes).
    Removing stm32f4xx_hal_can.o(i.HAL_CAN_DeInit), (32 bytes).
    Removing stm32f4xx_hal_can.o(i.HAL_CAN_GetError), (4 bytes).
    Removing stm32f4xx_hal_can.o(i.HAL_CAN_GetState), (6 bytes).
    Removing stm32f4xx_hal_can.o(i.HAL_CAN_MspDeInit), (2 bytes).
    Removing stm32f4xx_hal_can.o(i.HAL_CAN_MspInit), (2 bytes).
    Removing stm32f4xx_hal_can.o(i.HAL_CAN_Receive), (320 bytes).
    Removing stm32f4xx_hal_can.o(i.HAL_CAN_RxCpltCallback), (2 bytes).
    Removing stm32f4xx_hal_can.o(i.HAL_CAN_Sleep), (118 bytes).
    Removing stm32f4xx_hal_can.o(i.HAL_CAN_Transmit), (404 bytes).
    Removing stm32f4xx_hal_can.o(i.HAL_CAN_TxCpltCallback), (2 bytes).
    Removing stm32f4xx_hal_can.o(i.HAL_CAN_WakeUp), (106 bytes).
    Removing stm32f4xx_hal_tim_ex.o(.rev16_text), (4 bytes).
    Removing stm32f4xx_hal_tim_ex.o(.revsh_text), (4 bytes).
    Removing stm32f4xx_hal_tim_ex.o(.rrx_text), (6 bytes).
    Removing stm32f4xx_hal_flash_ex.o(.rev16_text), (4 bytes).
    Removing stm32f4xx_hal_flash_ex.o(.revsh_text), (4 bytes).
    Removing stm32f4xx_hal_flash_ex.o(.rrx_text), (6 bytes).
    Removing stm32f4xx_hal_flash_ex.o(i.FLASH_Erase_Sector), (88 bytes).
    Removing stm32f4xx_hal_flash_ex.o(i.FLASH_FlushCaches), (84 bytes).
    Removing stm32f4xx_hal_flash_ex.o(i.FLASH_MassErase), (40 bytes).
    Removing stm32f4xx_hal_flash_ex.o(i.HAL_FLASHEx_Erase), (152 bytes).
    Removing stm32f4xx_hal_flash_ex.o(i.HAL_FLASHEx_Erase_IT), (104 bytes).
    Removing stm32f4xx_hal_flash_ex.o(i.HAL_FLASHEx_OBGetConfig), (64 bytes).
    Removing stm32f4xx_hal_flash_ex.o(i.HAL_FLASHEx_OBProgram), (204 bytes).
    Removing stm32f4xx_hal_dma_ex.o(.rev16_text), (4 bytes).
    Removing stm32f4xx_hal_dma_ex.o(.revsh_text), (4 bytes).
    Removing stm32f4xx_hal_dma_ex.o(.rrx_text), (6 bytes).
    Removing stm32f4xx_hal_dma_ex.o(i.DMA_MultiBufferSetConfig), (30 bytes).
    Removing stm32f4xx_hal_dma_ex.o(i.HAL_DMAEx_ChangeMemory), (14 bytes).
    Removing stm32f4xx_hal_dma_ex.o(i.HAL_DMAEx_MultiBufferStart), (100 bytes).
    Removing stm32f4xx_hal_dma_ex.o(i.HAL_DMAEx_MultiBufferStart_IT), (2452 bytes).
    Removing stm32f4xx_hal.o(.rev16_text), (4 bytes).
    Removing stm32f4xx_hal.o(.revsh_text), (4 bytes).
    Removing stm32f4xx_hal.o(.rrx_text), (6 bytes).
    Removing stm32f4xx_hal.o(i.HAL_DBGMCU_DisableDBGSleepMode), (16 bytes).
    Removing stm32f4xx_hal.o(i.HAL_DBGMCU_DisableDBGStandbyMode), (16 bytes).
    Removing stm32f4xx_hal.o(i.HAL_DBGMCU_DisableDBGStopMode), (16 bytes).
    Removing stm32f4xx_hal.o(i.HAL_DBGMCU_EnableDBGSleepMode), (16 bytes).
    Removing stm32f4xx_hal.o(i.HAL_DBGMCU_EnableDBGStandbyMode), (16 bytes).
    Removing stm32f4xx_hal.o(i.HAL_DBGMCU_EnableDBGStopMode), (16 bytes).
    Removing stm32f4xx_hal.o(i.HAL_DeInit), (52 bytes).
    Removing stm32f4xx_hal.o(i.HAL_DisableCompensationCell), (28 bytes).
    Removing stm32f4xx_hal.o(i.HAL_EnableCompensationCell), (28 bytes).
    Removing stm32f4xx_hal.o(i.HAL_GetDEVID), (16 bytes).
    Removing stm32f4xx_hal.o(i.HAL_GetHalVersion), (8 bytes).
    Removing stm32f4xx_hal.o(i.HAL_GetREVID), (12 bytes).
    Removing stm32f4xx_hal.o(i.HAL_MspDeInit), (2 bytes).
    Removing stm32f4xx_hal.o(i.HAL_MspInit), (2 bytes).
    Removing stm32f4xx_hal.o(i.HAL_ResumeTick), (14 bytes).
    Removing stm32f4xx_hal.o(i.HAL_SuspendTick), (14 bytes).
    Removing stm32f4xx_it.o(.rev16_text), (4 bytes).
    Removing stm32f4xx_it.o(.revsh_text), (4 bytes).
    Removing stm32f4xx_it.o(.rrx_text), (6 bytes).
    Removing main.o(.rev16_text), (4 bytes).
    Removing main.o(.revsh_text), (4 bytes).
    Removing main.o(.rrx_text), (6 bytes).
    Removing main.o(i.Error_Handler), (2 bytes).
    Removing stm32f4xx_hal_msp.o(.rev16_text), (4 bytes).
    Removing stm32f4xx_hal_msp.o(.revsh_text), (4 bytes).
    Removing stm32f4xx_hal_msp.o(.rrx_text), (6 bytes).
    Removing stm32f4xx_hal_msp.o(i.HAL_CAN_MspDeInit), (60 bytes).
    Removing fputc_debug.o(.rev16_text), (4 bytes).
    Removing fputc_debug.o(.revsh_text), (4 bytes).
    Removing fputc_debug.o(.rrx_text), (6 bytes).
    Removing fputc_debug.o(.data), (4 bytes).
    Removing startup_stm32f407xx.o(HEAP), (512 bytes).
    Removing dadd.o(.text), (334 bytes).
    Removing dmul.o(.text), (228 bytes).
    Removing ddiv.o(.text), (222 bytes).
    Removing dfixul.o(.text), (48 bytes).
    Removing cdrcmple.o(.text), (48 bytes).
    Removing depilogue.o(.text), (186 bytes).

195 unused section(s) (total 12054 bytes) removed from the image.

==============================================================================

Image Symbol Table

    Local Symbols

    Symbol Name                              Value     Ov Type        Size  Object(Section)

    ../Drivers/CMSIS//Device/ST/STM32F4xx/Source/Templates/system_stm32f4xx.c 0x00000000   Number         0  system_stm32f4xx.o ABSOLUTE
    ../Drivers/STM32F4xx_HAL_Driver/Src/stm32f4xx_hal.c 0x00000000   Number         0  stm32f4xx_hal.o ABSOLUTE
    ../Drivers/STM32F4xx_HAL_Driver/Src/stm32f4xx_hal_can.c 0x00000000   Number         0  stm32f4xx_hal_can.o ABSOLUTE
    ../Drivers/STM32F4xx_HAL_Driver/Src/stm32f4xx_hal_cortex.c 0x00000000   Number         0  stm32f4xx_hal_cortex.o ABSOLUTE
    ../Drivers/STM32F4xx_HAL_Driver/Src/stm32f4xx_hal_dma.c 0x00000000   Number         0  stm32f4xx_hal_dma.o ABSOLUTE
    ../Drivers/STM32F4xx_HAL_Driver/Src/stm32f4xx_hal_dma_ex.c 0x00000000   Number         0  stm32f4xx_hal_dma_ex.o ABSOLUTE
    ../Drivers/STM32F4xx_HAL_Driver/Src/stm32f4xx_hal_flash.c 0x00000000   Number         0  stm32f4xx_hal_flash.o ABSOLUTE
    ../Drivers/STM32F4xx_HAL_Driver/Src/stm32f4xx_hal_flash_ex.c 0x00000000   Number         0  stm32f4xx_hal_flash_ex.o ABSOLUTE
    ../Drivers/STM32F4xx_HAL_Driver/Src/stm32f4xx_hal_flash_ramfunc.c 0x00000000   Number         0  stm32f4xx_hal_flash_ramfunc.o ABSOLUTE
    ../Drivers/STM32F4xx_HAL_Driver/Src/stm32f4xx_hal_gpio.c 0x00000000   Number         0  stm32f4xx_hal_gpio.o ABSOLUTE
    ../Drivers/STM32F4xx_HAL_Driver/Src/stm32f4xx_hal_pwr.c 0x00000000   Number         0  stm32f4xx_hal_pwr.o ABSOLUTE
    ../Drivers/STM32F4xx_HAL_Driver/Src/stm32f4xx_hal_pwr_ex.c 0x00000000   Number         0  stm32f4xx_hal_pwr_ex.o ABSOLUTE
    ../Drivers/STM32F4xx_HAL_Driver/Src/stm32f4xx_hal_rcc.c 0x00000000   Number         0  stm32f4xx_hal_rcc.o ABSOLUTE
    ../Drivers/STM32F4xx_HAL_Driver/Src/stm32f4xx_hal_rcc_ex.c 0x00000000   Number         0  stm32f4xx_hal_rcc_ex.o ABSOLUTE
    ../Drivers/STM32F4xx_HAL_Driver/Src/stm32f4xx_hal_tim.c 0x00000000   Number         0  stm32f4xx_hal_tim.o ABSOLUTE
    ../Drivers/STM32F4xx_HAL_Driver/Src/stm32f4xx_hal_tim_ex.c 0x00000000   Number         0  stm32f4xx_hal_tim_ex.o ABSOLUTE
    ../Src/main.c                            0x00000000   Number         0  main.o ABSOLUTE
    ../Src/stm32f4xx_hal_msp.c               0x00000000   Number         0  stm32f4xx_hal_msp.o ABSOLUTE
    ../Src/stm32f4xx_it.c                    0x00000000   Number         0  stm32f4xx_it.o ABSOLUTE
    ../clib/microlib/division.c              0x00000000   Number         0  uldiv.o ABSOLUTE
    ../clib/microlib/division.c              0x00000000   Number         0  uidiv.o ABSOLUTE
    ../clib/microlib/init/entry.s            0x00000000   Number         0  entry7a.o ABSOLUTE
    ../clib/microlib/init/entry.s            0x00000000   Number         0  entry7b.o ABSOLUTE
    ../clib/microlib/init/entry.s            0x00000000   Number         0  entry8a.o ABSOLUTE
    ../clib/microlib/init/entry.s            0x00000000   Number         0  entry8b.o ABSOLUTE
    ../clib/microlib/init/entry.s            0x00000000   Number         0  entry9a.o ABSOLUTE
    ../clib/microlib/init/entry.s            0x00000000   Number         0  entry9b.o ABSOLUTE
    ../clib/microlib/init/entry.s            0x00000000   Number         0  entry10a.o ABSOLUTE
    ../clib/microlib/init/entry.s            0x00000000   Number         0  entry2.o ABSOLUTE
    ../clib/microlib/init/entry.s            0x00000000   Number         0  entry11a.o ABSOLUTE
    ../clib/microlib/init/entry.s            0x00000000   Number         0  entry11b.o ABSOLUTE
    ../clib/microlib/init/entry.s            0x00000000   Number         0  entry.o ABSOLUTE
    ../clib/microlib/init/entry.s            0x00000000   Number         0  entry5.o ABSOLUTE
    ../clib/microlib/init/entry.s            0x00000000   Number         0  entry10b.o ABSOLUTE
    ../clib/microlib/longlong.c              0x00000000   Number         0  llsshr.o ABSOLUTE
    ../clib/microlib/longlong.c              0x00000000   Number         0  llshl.o ABSOLUTE
    ../clib/microlib/longlong.c              0x00000000   Number         0  llushr.o ABSOLUTE
    ../clib/microlib/printf/printf.c         0x00000000   Number         0  printfb.o ABSOLUTE
    ../clib/microlib/printf/printf.c         0x00000000   Number         0  printf0.o ABSOLUTE
    ../clib/microlib/printf/printf.c         0x00000000   Number         0  printf1.o ABSOLUTE
    ../clib/microlib/printf/printf.c         0x00000000   Number         0  printf2.o ABSOLUTE
    ../clib/microlib/printf/printf.c         0x00000000   Number         0  printf4.o ABSOLUTE
    ../clib/microlib/printf/printf.c         0x00000000   Number         0  printf3.o ABSOLUTE
    ../clib/microlib/printf/printf.c         0x00000000   Number         0  printfa.o ABSOLUTE
    ../clib/microlib/printf/printf.c         0x00000000   Number         0  printf8.o ABSOLUTE
    ../clib/microlib/printf/printf.c         0x00000000   Number         0  printf7.o ABSOLUTE
    ../clib/microlib/printf/printf.c         0x00000000   Number         0  printf6.o ABSOLUTE
    ../clib/microlib/printf/printf.c         0x00000000   Number         0  printf5.o ABSOLUTE
    ../clib/microlib/printf/stubs.s          0x00000000   Number         0  stubs.o ABSOLUTE
    ../clib/microlib/stubs.s                 0x00000000   Number         0  iusefp.o ABSOLUTE
    ../fplib/microlib/fpadd.c                0x00000000   Number         0  dadd.o ABSOLUTE
    ../fplib/microlib/fpdiv.c                0x00000000   Number         0  ddiv.o ABSOLUTE
    ../fplib/microlib/fpepilogue.c           0x00000000   Number         0  depilogue.o ABSOLUTE
    ../fplib/microlib/fpfix.c                0x00000000   Number         0  dfixul.o ABSOLUTE
    ../fplib/microlib/fpmul.c                0x00000000   Number         0  dmul.o ABSOLUTE
    ..\..\fputc_debug.c                      0x00000000   Number         0  fputc_debug.o ABSOLUTE
    ..\Drivers\CMSIS\\Device\ST\STM32F4xx\Source\Templates\system_stm32f4xx.c 0x00000000   Number         0  system_stm32f4xx.o ABSOLUTE
    ..\Drivers\STM32F4xx_HAL_Driver\Src\stm32f4xx_hal.c 0x00000000   Number         0  stm32f4xx_hal.o ABSOLUTE
    ..\Drivers\STM32F4xx_HAL_Driver\Src\stm32f4xx_hal_can.c 0x00000000   Number         0  stm32f4xx_hal_can.o ABSOLUTE
    ..\Drivers\STM32F4xx_HAL_Driver\Src\stm32f4xx_hal_cortex.c 0x00000000   Number         0  stm32f4xx_hal_cortex.o ABSOLUTE
    ..\Drivers\STM32F4xx_HAL_Driver\Src\stm32f4xx_hal_dma.c 0x00000000   Number         0  stm32f4xx_hal_dma.o ABSOLUTE
    ..\Drivers\STM32F4xx_HAL_Driver\Src\stm32f4xx_hal_dma_ex.c 0x00000000   Number         0  stm32f4xx_hal_dma_ex.o ABSOLUTE
    ..\Drivers\STM32F4xx_HAL_Driver\Src\stm32f4xx_hal_flash.c 0x00000000   Number         0  stm32f4xx_hal_flash.o ABSOLUTE
    ..\Drivers\STM32F4xx_HAL_Driver\Src\stm32f4xx_hal_flash_ex.c 0x00000000   Number         0  stm32f4xx_hal_flash_ex.o ABSOLUTE
    ..\Drivers\STM32F4xx_HAL_Driver\Src\stm32f4xx_hal_flash_ramfunc.c 0x00000000   Number         0  stm32f4xx_hal_flash_ramfunc.o ABSOLUTE
    ..\Drivers\STM32F4xx_HAL_Driver\Src\stm32f4xx_hal_gpio.c 0x00000000   Number         0  stm32f4xx_hal_gpio.o ABSOLUTE
    ..\Drivers\STM32F4xx_HAL_Driver\Src\stm32f4xx_hal_pwr.c 0x00000000   Number         0  stm32f4xx_hal_pwr.o ABSOLUTE
    ..\Drivers\STM32F4xx_HAL_Driver\Src\stm32f4xx_hal_pwr_ex.c 0x00000000   Number         0  stm32f4xx_hal_pwr_ex.o ABSOLUTE
    ..\Drivers\STM32F4xx_HAL_Driver\Src\stm32f4xx_hal_rcc.c 0x00000000   Number         0  stm32f4xx_hal_rcc.o ABSOLUTE
    ..\Drivers\STM32F4xx_HAL_Driver\Src\stm32f4xx_hal_rcc_ex.c 0x00000000   Number         0  stm32f4xx_hal_rcc_ex.o ABSOLUTE
    ..\Drivers\STM32F4xx_HAL_Driver\Src\stm32f4xx_hal_tim.c 0x00000000   Number         0  stm32f4xx_hal_tim.o ABSOLUTE
    ..\Drivers\STM32F4xx_HAL_Driver\Src\stm32f4xx_hal_tim_ex.c 0x00000000   Number         0  stm32f4xx_hal_tim_ex.o ABSOLUTE
    ..\Src\main.c                            0x00000000   Number         0  main.o ABSOLUTE
    ..\Src\stm32f4xx_hal_msp.c               0x00000000   Number         0  stm32f4xx_hal_msp.o ABSOLUTE
    ..\Src\stm32f4xx_it.c                    0x00000000   Number         0  stm32f4xx_it.o ABSOLUTE
    ..\\..\\fputc_debug.c                    0x00000000   Number         0  fputc_debug.o ABSOLUTE
    cdrcmple.s                               0x00000000   Number         0  cdrcmple.o ABSOLUTE
    dc.s                                     0x00000000   Number         0  dc.o ABSOLUTE
    handlers.s                               0x00000000   Number         0  handlers.o ABSOLUTE
    init.s                                   0x00000000   Number         0  init.o ABSOLUTE
    startup_stm32f407xx.s                    0x00000000   Number         0  startup_stm32f407xx.o ABSOLUTE
    RESET                                    0x08000000   Section      392  startup_stm32f407xx.o(RESET)
    .ARM.Collect$$$$00000000                 0x08000188   Section        0  entry.o(.ARM.Collect$$$$00000000)
    .ARM.Collect$$$$00000001                 0x08000188   Section        4  entry2.o(.ARM.Collect$$$$00000001)
    .ARM.Collect$$$$00000004                 0x0800018c   Section        4  entry5.o(.ARM.Collect$$$$00000004)
    .ARM.Collect$$$$00000008                 0x08000190   Section        0  entry7b.o(.ARM.Collect$$$$00000008)
    .ARM.Collect$$$$0000000A                 0x08000190   Section        0  entry8b.o(.ARM.Collect$$$$0000000A)
    .ARM.Collect$$$$0000000B                 0x08000190   Section        8  entry9a.o(.ARM.Collect$$$$0000000B)
    .ARM.Collect$$$$0000000D                 0x08000198   Section        0  entry10a.o(.ARM.Collect$$$$0000000D)
    .ARM.Collect$$$$0000000F                 0x08000198   Section        0  entry11a.o(.ARM.Collect$$$$0000000F)
    .ARM.Collect$$$$00002712                 0x08000198   Section        4  entry2.o(.ARM.Collect$$$$00002712)
    __lit__00000000                          0x08000198   Data           4  entry2.o(.ARM.Collect$$$$00002712)
    .text                                    0x0800019c   Section       36  startup_stm32f407xx.o(.text)
    $v0                                      0x0800019c   Number         0  startup_stm32f407xx.o(.text)
    .text                                    0x080001c0   Section        0  uidiv.o(.text)
    .text                                    0x080001ec   Section       36  init.o(.text)
    i.CAN1_RX0_IRQHandler                    0x08000210   Section        0  stm32f4xx_it.o(i.CAN1_RX0_IRQHandler)
    i.CAN1_TX_IRQHandler                     0x0800021c   Section        0  stm32f4xx_it.o(i.CAN1_TX_IRQHandler)
    i.CAN_Receive_IT                         0x08000228   Section        0  stm32f4xx_hal_can.o(i.CAN_Receive_IT)
    CAN_Receive_IT                           0x08000229   Thumb Code   296  stm32f4xx_hal_can.o(i.CAN_Receive_IT)
    i.CAN_Transmit_IT                        0x08000350   Section        0  stm32f4xx_hal_can.o(i.CAN_Transmit_IT)
    CAN_Transmit_IT                          0x08000351   Thumb Code    96  stm32f4xx_hal_can.o(i.CAN_Transmit_IT)
    i.HAL_CAN_ConfigFilter                   0x080003b0   Section        0  stm32f4xx_hal_can.o(i.HAL_CAN_ConfigFilter)
    i.HAL_CAN_ErrorCallback                  0x08000494   Section        0  stm32f4xx_hal_can.o(i.HAL_CAN_ErrorCallback)
    i.HAL_CAN_IRQHandler                     0x08000498   Section        0  stm32f4xx_hal_can.o(i.HAL_CAN_IRQHandler)
    i.HAL_CAN_Init                           0x08000618   Section        0  stm32f4xx_hal_can.o(i.HAL_CAN_Init)
    i.HAL_CAN_MspInit                        0x08000760   Section        0  stm32f4xx_hal_msp.o(i.HAL_CAN_MspInit)
    i.HAL_CAN_Receive_IT                     0x080007c8   Section        0  stm32f4xx_hal_can.o(i.HAL_CAN_Receive_IT)
    i.HAL_CAN_RxCpltCallback                 0x08000850   Section        0  main.o(i.HAL_CAN_RxCpltCallback)
    i.HAL_CAN_Transmit_IT                    0x08000930   Section        0  stm32f4xx_hal_can.o(i.HAL_CAN_Transmit_IT)
    i.HAL_CAN_TxCpltCallback                 0x08000a78   Section        0  main.o(i.HAL_CAN_TxCpltCallback)
    i.HAL_Delay                              0x08000a98   Section        0  stm32f4xx_hal.o(i.HAL_Delay)
    i.HAL_GPIO_Init                          0x08000ab0   Section        0  stm32f4xx_hal_gpio.o(i.HAL_GPIO_Init)
    i.HAL_GPIO_WritePin                      0x08000c70   Section        0  stm32f4xx_hal_gpio.o(i.HAL_GPIO_WritePin)
    i.HAL_GetTick                            0x08000c7c   Section        0  stm32f4xx_hal.o(i.HAL_GetTick)
    i.HAL_IncTick                            0x08000c88   Section        0  stm32f4xx_hal.o(i.HAL_IncTick)
    i.HAL_Init                               0x08000c98   Section        0  stm32f4xx_hal.o(i.HAL_Init)
    i.HAL_InitTick                           0x08000ccc   Section        0  stm32f4xx_hal.o(i.HAL_InitTick)
    i.HAL_MspInit                            0x08000cf4   Section        0  stm32f4xx_hal_msp.o(i.HAL_MspInit)
    i.HAL_NVIC_EnableIRQ                     0x08000d4c   Section        0  stm32f4xx_hal_cortex.o(i.HAL_NVIC_EnableIRQ)
    i.HAL_NVIC_SetPriority                   0x08000d64   Section        0  stm32f4xx_hal_cortex.o(i.HAL_NVIC_SetPriority)
    i.HAL_NVIC_SetPriorityGrouping           0x08000da4   Section        0  stm32f4xx_hal_cortex.o(i.HAL_NVIC_SetPriorityGrouping)
    i.HAL_RCC_ClockConfig                    0x08000dc8   Section        0  stm32f4xx_hal_rcc.o(i.HAL_RCC_ClockConfig)
    i.HAL_RCC_GetHCLKFreq                    0x08000f44   Section        0  stm32f4xx_hal_rcc.o(i.HAL_RCC_GetHCLKFreq)
    i.HAL_RCC_GetSysClockFreq                0x08000f50   Section        0  stm32f4xx_hal_rcc.o(i.HAL_RCC_GetSysClockFreq)
    i.HAL_RCC_OscConfig                      0x08000fc0   Section        0  stm32f4xx_hal_rcc.o(i.HAL_RCC_OscConfig)
    i.HAL_SYSTICK_CLKSourceConfig            0x080012a4   Section        0  stm32f4xx_hal_cortex.o(i.HAL_SYSTICK_CLKSourceConfig)
    i.HAL_SYSTICK_Callback                   0x080012bc   Section        0  stm32f4xx_hal_cortex.o(i.HAL_SYSTICK_Callback)
    i.HAL_SYSTICK_Config                     0x080012be   Section        0  stm32f4xx_hal_cortex.o(i.HAL_SYSTICK_Config)
    i.HAL_SYSTICK_IRQHandler                 0x080012e6   Section        0  stm32f4xx_hal_cortex.o(i.HAL_SYSTICK_IRQHandler)
    i.MX_CAN1_Init                           0x080012f0   Section        0  main.o(i.MX_CAN1_Init)
    MX_CAN1_Init                             0x080012f1   Thumb Code    58  main.o(i.MX_CAN1_Init)
    i.MX_GPIO_Init                           0x08001334   Section        0  main.o(i.MX_GPIO_Init)
    MX_GPIO_Init                             0x08001335   Thumb Code   442  main.o(i.MX_GPIO_Init)
    i.NVIC_SetPriority                       0x08001510   Section        0  stm32f4xx_hal_cortex.o(i.NVIC_SetPriority)
    NVIC_SetPriority                         0x08001511   Thumb Code    32  stm32f4xx_hal_cortex.o(i.NVIC_SetPriority)
    i.SysTick_Handler                        0x08001530   Section        0  stm32f4xx_it.o(i.SysTick_Handler)
    i.SystemClock_Config                     0x08001540   Section        0  main.o(i.SystemClock_Config)
    i.SystemInit                             0x080015e0   Section        0  system_stm32f4xx.o(i.SystemInit)
    i.__0printf$1                            0x08001634   Section        0  printf1.o(i.__0printf$1)
    i.__scatterload_copy                     0x08001654   Section       14  handlers.o(i.__scatterload_copy)
    i.__scatterload_null                     0x08001662   Section        2  handlers.o(i.__scatterload_null)
    i.__scatterload_zeroinit                 0x08001664   Section       14  handlers.o(i.__scatterload_zeroinit)
    i._printf_core                           0x08001674   Section        0  printf1.o(i._printf_core)
    _printf_core                             0x08001675   Thumb Code   336  printf1.o(i._printf_core)
    i.fputc                                  0x080017c8   Section        0  fputc_debug.o(i.fputc)
    i.main                                   0x080017f0   Section        0  main.o(i.main)
    .constdata                               0x080018a4   Section       16  stm32f4xx_hal_rcc.o(.constdata)
    .data                                    0x20000000   Section        4  system_stm32f4xx.o(.data)
    .data                                    0x20000004   Section        4  stm32f4xx_hal.o(.data)
    .data                                    0x20000008   Section        4  fputc_debug.o(.data)
    .bss                                     0x2000000c   Section      128  main.o(.bss)
    STACK                                    0x20000090   Section     1024  startup_stm32f407xx.o(STACK)

    Global Symbols

    Symbol Name                              Value     Ov Type        Size  Object(Section)

    BuildAttributes$$THM_ISAv4$E$P$D$K$B$S$7EM$VFPi3$EXTD16$VFPS$VFMA$PE$A:L22UL41UL21$X:L11$S22US41US21$IEEE1$IW$USESV6$~STKCKD$USESV7$~SHL$OSPACE$ROPI$EBA8$MICROLIB$REQ8$PRES8$EABIv2 0x00000000   Number         0  anon$$obj.o ABSOLUTE
    __ARM_use_no_argv                        0x00000000   Number         0  main.o ABSOLUTE
    _printf_a                                0x00000000   Number         0  stubs.o ABSOLUTE
    _printf_c                                0x00000000   Number         0  stubs.o ABSOLUTE
    _printf_charcount                        0x00000000   Number         0  stubs.o ABSOLUTE
    _printf_d                                0x00000000   Number         0  stubs.o ABSOLUTE
    _printf_e                                0x00000000   Number         0  stubs.o ABSOLUTE
    _printf_f                                0x00000000   Number         0  stubs.o ABSOLUTE
    _printf_flags                            0x00000000   Number         0  stubs.o ABSOLUTE
    _printf_fp_dec                           0x00000000   Number         0  stubs.o ABSOLUTE
    _printf_fp_hex                           0x00000000   Number         0  stubs.o ABSOLUTE
    _printf_g                                0x00000000   Number         0  stubs.o ABSOLUTE
    _printf_i                                0x00000000   Number         0  stubs.o ABSOLUTE
    _printf_int_dec                          0x00000000   Number         0  stubs.o ABSOLUTE
    _printf_l                                0x00000000   Number         0  stubs.o ABSOLUTE
    _printf_lc                               0x00000000   Number         0  stubs.o ABSOLUTE
    _printf_ll                               0x00000000   Number         0  stubs.o ABSOLUTE
    _printf_lld                              0x00000000   Number         0  stubs.o ABSOLUTE
    _printf_lli                              0x00000000   Number         0  stubs.o ABSOLUTE
    _printf_llo                              0x00000000   Number         0  stubs.o ABSOLUTE
    _printf_llu                              0x00000000   Number         0  stubs.o ABSOLUTE
    _printf_llx                              0x00000000   Number         0  stubs.o ABSOLUTE
    _printf_longlong_dec                     0x00000000   Number         0  stubs.o ABSOLUTE
    _printf_longlong_hex                     0x00000000   Number         0  stubs.o ABSOLUTE
    _printf_longlong_oct                     0x00000000   Number         0  stubs.o ABSOLUTE
    _printf_ls                               0x00000000   Number         0  stubs.o ABSOLUTE
    _printf_mbtowc                           0x00000000   Number         0  stubs.o ABSOLUTE
    _printf_n                                0x00000000   Number         0  stubs.o ABSOLUTE
    _printf_o                                0x00000000   Number         0  stubs.o ABSOLUTE
    _printf_p                                0x00000000   Number         0  stubs.o ABSOLUTE
    _printf_percent                          0x00000000   Number         0  stubs.o ABSOLUTE
    _printf_pre_padding                      0x00000000   Number         0  stubs.o ABSOLUTE
    _printf_return_value                     0x00000000   Number         0  stubs.o ABSOLUTE
    _printf_s                                0x00000000   Number         0  stubs.o ABSOLUTE
    _printf_sizespec                         0x00000000   Number         0  stubs.o ABSOLUTE
    _printf_str                              0x00000000   Number         0  stubs.o ABSOLUTE
    _printf_truncate_signed                  0x00000000   Number         0  stubs.o ABSOLUTE
    _printf_truncate_unsigned                0x00000000   Number         0  stubs.o ABSOLUTE
    _printf_u                                0x00000000   Number         0  stubs.o ABSOLUTE
    _printf_wc                               0x00000000   Number         0  stubs.o ABSOLUTE
    _printf_wctomb                           0x00000000   Number         0  stubs.o ABSOLUTE
    _printf_widthprec                        0x00000000   Number         0  stubs.o ABSOLUTE
    _printf_x                                0x00000000   Number         0  stubs.o ABSOLUTE
    __cpp_initialize__aeabi_                  - Undefined Weak Reference
    __cxa_finalize                            - Undefined Weak Reference
    __decompress                              - Undefined Weak Reference
    _clock_init                               - Undefined Weak Reference
    _microlib_exit                            - Undefined Weak Reference
    __Vectors_Size                           0x00000188   Number         0  startup_stm32f407xx.o ABSOLUTE
    __Vectors                                0x08000000   Data           4  startup_stm32f407xx.o(RESET)
    __Vectors_End                            0x08000188   Data           0  startup_stm32f407xx.o(RESET)
    __main                                   0x08000189   Thumb Code     0  entry.o(.ARM.Collect$$$$00000000)
    _main_stk                                0x08000189   Thumb Code     0  entry2.o(.ARM.Collect$$$$00000001)
    _main_scatterload                        0x0800018d   Thumb Code     0  entry5.o(.ARM.Collect$$$$00000004)
    __main_after_scatterload                 0x08000191   Thumb Code     0  entry5.o(.ARM.Collect$$$$00000004)
    _main_clock                              0x08000191   Thumb Code     0  entry7b.o(.ARM.Collect$$$$00000008)
    _main_cpp_init                           0x08000191   Thumb Code     0  entry8b.o(.ARM.Collect$$$$0000000A)
    _main_init                               0x08000191   Thumb Code     0  entry9a.o(.ARM.Collect$$$$0000000B)
    __rt_final_cpp                           0x08000199   Thumb Code     0  entry10a.o(.ARM.Collect$$$$0000000D)
    __rt_final_exit                          0x08000199   Thumb Code     0  entry11a.o(.ARM.Collect$$$$0000000F)
    Reset_Handler                            0x0800019d   Thumb Code     8  startup_stm32f407xx.o(.text)
    NMI_Handler                              0x080001a5   Thumb Code     2  startup_stm32f407xx.o(.text)
    HardFault_Handler                        0x080001a7   Thumb Code     2  startup_stm32f407xx.o(.text)
    MemManage_Handler                        0x080001a9   Thumb Code     2  startup_stm32f407xx.o(.text)
    BusFault_Handler                         0x080001ab   Thumb Code     2  startup_stm32f407xx.o(.text)
    UsageFault_Handler                       0x080001ad   Thumb Code     2  startup_stm32f407xx.o(.text)
    SVC_Handler                              0x080001af   Thumb Code     2  startup_stm32f407xx.o(.text)
    DebugMon_Handler                         0x080001b1   Thumb Code     2  startup_stm32f407xx.o(.text)
    PendSV_Handler                           0x080001b3   Thumb Code     2  startup_stm32f407xx.o(.text)
    ADC_IRQHandler                           0x080001b7   Thumb Code     0  startup_stm32f407xx.o(.text)
    CAN1_RX1_IRQHandler                      0x080001b7   Thumb Code     0  startup_stm32f407xx.o(.text)
    CAN1_SCE_IRQHandler                      0x080001b7   Thumb Code     0  startup_stm32f407xx.o(.text)
    CAN2_RX0_IRQHandler                      0x080001b7   Thumb Code     0  startup_stm32f407xx.o(.text)
    CAN2_RX1_IRQHandler                      0x080001b7   Thumb Code     0  startup_stm32f407xx.o(.text)
    CAN2_SCE_IRQHandler                      0x080001b7   Thumb Code     0  startup_stm32f407xx.o(.text)
    CAN2_TX_IRQHandler                       0x080001b7   Thumb Code     0  startup_stm32f407xx.o(.text)
    DCMI_IRQHandler                          0x080001b7   Thumb Code     0  startup_stm32f407xx.o(.text)
    DMA1_Stream0_IRQHandler                  0x080001b7   Thumb Code     0  startup_stm32f407xx.o(.text)
    DMA1_Stream1_IRQHandler                  0x080001b7   Thumb Code     0  startup_stm32f407xx.o(.text)
    DMA1_Stream2_IRQHandler                  0x080001b7   Thumb Code     0  startup_stm32f407xx.o(.text)
    DMA1_Stream3_IRQHandler                  0x080001b7   Thumb Code     0  startup_stm32f407xx.o(.text)
    DMA1_Stream4_IRQHandler                  0x080001b7   Thumb Code     0  startup_stm32f407xx.o(.text)
    DMA1_Stream5_IRQHandler                  0x080001b7   Thumb Code     0  startup_stm32f407xx.o(.text)
    DMA1_Stream6_IRQHandler                  0x080001b7   Thumb Code     0  startup_stm32f407xx.o(.text)
    DMA1_Stream7_IRQHandler                  0x080001b7   Thumb Code     0  startup_stm32f407xx.o(.text)
    DMA2_Stream0_IRQHandler                  0x080001b7   Thumb Code     0  startup_stm32f407xx.o(.text)
    DMA2_Stream1_IRQHandler                  0x080001b7   Thumb Code     0  startup_stm32f407xx.o(.text)
    DMA2_Stream2_IRQHandler                  0x080001b7   Thumb Code     0  startup_stm32f407xx.o(.text)
    DMA2_Stream3_IRQHandler                  0x080001b7   Thumb Code     0  startup_stm32f407xx.o(.text)
    DMA2_Stream4_IRQHandler                  0x080001b7   Thumb Code     0  startup_stm32f407xx.o(.text)
    DMA2_Stream5_IRQHandler                  0x080001b7   Thumb Code     0  startup_stm32f407xx.o(.text)
    DMA2_Stream6_IRQHandler                  0x080001b7   Thumb Code     0  startup_stm32f407xx.o(.text)
    DMA2_Stream7_IRQHandler                  0x080001b7   Thumb Code     0  startup_stm32f407xx.o(.text)
    ETH_IRQHandler                           0x080001b7   Thumb Code     0  startup_stm32f407xx.o(.text)
    ETH_WKUP_IRQHandler                      0x080001b7   Thumb Code     0  startup_stm32f407xx.o(.text)
    EXTI0_IRQHandler                         0x080001b7   Thumb Code     0  startup_stm32f407xx.o(.text)
    EXTI15_10_IRQHandler                     0x080001b7   Thumb Code     0  startup_stm32f407xx.o(.text)
    EXTI1_IRQHandler                         0x080001b7   Thumb Code     0  startup_stm32f407xx.o(.text)
    EXTI2_IRQHandler                         0x080001b7   Thumb Code     0  startup_stm32f407xx.o(.text)
    EXTI3_IRQHandler                         0x080001b7   Thumb Code     0  startup_stm32f407xx.o(.text)
    EXTI4_IRQHandler                         0x080001b7   Thumb Code     0  startup_stm32f407xx.o(.text)
    EXTI9_5_IRQHandler                       0x080001b7   Thumb Code     0  startup_stm32f407xx.o(.text)
    FLASH_IRQHandler                         0x080001b7   Thumb Code     0  startup_stm32f407xx.o(.text)
    FMC_IRQHandler                           0x080001b7   Thumb Code     0  startup_stm32f407xx.o(.text)
    FPU_IRQHandler                           0x080001b7   Thumb Code     0  startup_stm32f407xx.o(.text)
    HASH_RNG_IRQHandler                      0x080001b7   Thumb Code     0  startup_stm32f407xx.o(.text)
    I2C1_ER_IRQHandler                       0x080001b7   Thumb Code     0  startup_stm32f407xx.o(.text)
    I2C1_EV_IRQHandler                       0x080001b7   Thumb Code     0  startup_stm32f407xx.o(.text)
    I2C2_ER_IRQHandler                       0x080001b7   Thumb Code     0  startup_stm32f407xx.o(.text)
    I2C2_EV_IRQHandler                       0x080001b7   Thumb Code     0  startup_stm32f407xx.o(.text)
    I2C3_ER_IRQHandler                       0x080001b7   Thumb Code     0  startup_stm32f407xx.o(.text)
    I2C3_EV_IRQHandler                       0x080001b7   Thumb Code     0  startup_stm32f407xx.o(.text)
    OTG_FS_IRQHandler                        0x080001b7   Thumb Code     0  startup_stm32f407xx.o(.text)
    OTG_FS_WKUP_IRQHandler                   0x080001b7   Thumb Code     0  startup_stm32f407xx.o(.text)
    OTG_HS_EP1_IN_IRQHandler                 0x080001b7   Thumb Code     0  startup_stm32f407xx.o(.text)
    OTG_HS_EP1_OUT_IRQHandler                0x080001b7   Thumb Code     0  startup_stm32f407xx.o(.text)
    OTG_HS_IRQHandler                        0x080001b7   Thumb Code     0  startup_stm32f407xx.o(.text)
    OTG_HS_WKUP_IRQHandler                   0x080001b7   Thumb Code     0  startup_stm32f407xx.o(.text)
    PVD_IRQHandler                           0x080001b7   Thumb Code     0  startup_stm32f407xx.o(.text)
    RCC_IRQHandler                           0x080001b7   Thumb Code     0  startup_stm32f407xx.o(.text)
    RTC_Alarm_IRQHandler                     0x080001b7   Thumb Code     0  startup_stm32f407xx.o(.text)
    RTC_WKUP_IRQHandler                      0x080001b7   Thumb Code     0  startup_stm32f407xx.o(.text)
    SDIO_IRQHandler                          0x080001b7   Thumb Code     0  startup_stm32f407xx.o(.text)
    SPI1_IRQHandler                          0x080001b7   Thumb Code     0  startup_stm32f407xx.o(.text)
    SPI2_IRQHandler                          0x080001b7   Thumb Code     0  startup_stm32f407xx.o(.text)
    SPI3_IRQHandler                          0x080001b7   Thumb Code     0  startup_stm32f407xx.o(.text)
    TAMP_STAMP_IRQHandler                    0x080001b7   Thumb Code     0  startup_stm32f407xx.o(.text)
    TIM1_BRK_TIM9_IRQHandler                 0x080001b7   Thumb Code     0  startup_stm32f407xx.o(.text)
    TIM1_CC_IRQHandler                       0x080001b7   Thumb Code     0  startup_stm32f407xx.o(.text)
    TIM1_TRG_COM_TIM11_IRQHandler            0x080001b7   Thumb Code     0  startup_stm32f407xx.o(.text)
    TIM1_UP_TIM10_IRQHandler                 0x080001b7   Thumb Code     0  startup_stm32f407xx.o(.text)
    TIM2_IRQHandler                          0x080001b7   Thumb Code     0  startup_stm32f407xx.o(.text)
    TIM3_IRQHandler                          0x080001b7   Thumb Code     0  startup_stm32f407xx.o(.text)
    TIM4_IRQHandler                          0x080001b7   Thumb Code     0  startup_stm32f407xx.o(.text)
    TIM5_IRQHandler                          0x080001b7   Thumb Code     0  startup_stm32f407xx.o(.text)
    TIM6_DAC_IRQHandler                      0x080001b7   Thumb Code     0  startup_stm32f407xx.o(.text)
    TIM7_IRQHandler                          0x080001b7   Thumb Code     0  startup_stm32f407xx.o(.text)
    TIM8_BRK_TIM12_IRQHandler                0x080001b7   Thumb Code     0  startup_stm32f407xx.o(.text)
    TIM8_CC_IRQHandler                       0x080001b7   Thumb Code     0  startup_stm32f407xx.o(.text)
    TIM8_TRG_COM_TIM14_IRQHandler            0x080001b7   Thumb Code     0  startup_stm32f407xx.o(.text)
    TIM8_UP_TIM13_IRQHandler                 0x080001b7   Thumb Code     0  startup_stm32f407xx.o(.text)
    UART4_IRQHandler                         0x080001b7   Thumb Code     0  startup_stm32f407xx.o(.text)
    UART5_IRQHandler                         0x080001b7   Thumb Code     0  startup_stm32f407xx.o(.text)
    USART1_IRQHandler                        0x080001b7   Thumb Code     0  startup_stm32f407xx.o(.text)
    USART2_IRQHandler                        0x080001b7   Thumb Code     0  startup_stm32f407xx.o(.text)
    USART3_IRQHandler                        0x080001b7   Thumb Code     0  startup_stm32f407xx.o(.text)
    USART6_IRQHandler                        0x080001b7   Thumb Code     0  startup_stm32f407xx.o(.text)
    WWDG_IRQHandler                          0x080001b7   Thumb Code     0  startup_stm32f407xx.o(.text)
    __aeabi_uidiv                            0x080001c1   Thumb Code     0  uidiv.o(.text)
    __aeabi_uidivmod                         0x080001c1   Thumb Code    44  uidiv.o(.text)
    __scatterload                            0x080001ed   Thumb Code    28  init.o(.text)
    __scatterload_rt2                        0x080001ed   Thumb Code     0  init.o(.text)
    CAN1_RX0_IRQHandler                      0x08000211   Thumb Code     6  stm32f4xx_it.o(i.CAN1_RX0_IRQHandler)
    CAN1_TX_IRQHandler                       0x0800021d   Thumb Code     6  stm32f4xx_it.o(i.CAN1_TX_IRQHandler)
    HAL_CAN_ConfigFilter                     0x080003b1   Thumb Code   218  stm32f4xx_hal_can.o(i.HAL_CAN_ConfigFilter)
    HAL_CAN_ErrorCallback                    0x08000495   Thumb Code     2  stm32f4xx_hal_can.o(i.HAL_CAN_ErrorCallback)
    HAL_CAN_IRQHandler                       0x08000499   Thumb Code   370  stm32f4xx_hal_can.o(i.HAL_CAN_IRQHandler)
    HAL_CAN_Init                             0x08000619   Thumb Code   328  stm32f4xx_hal_can.o(i.HAL_CAN_Init)
    HAL_CAN_MspInit                          0x08000761   Thumb Code    92  stm32f4xx_hal_msp.o(i.HAL_CAN_MspInit)
    HAL_CAN_Receive_IT                       0x080007c9   Thumb Code   134  stm32f4xx_hal_can.o(i.HAL_CAN_Receive_IT)
    HAL_CAN_RxCpltCallback                   0x08000851   Thumb Code   110  main.o(i.HAL_CAN_RxCpltCallback)
    HAL_CAN_Transmit_IT                      0x08000931   Thumb Code   326  stm32f4xx_hal_can.o(i.HAL_CAN_Transmit_IT)
    HAL_CAN_TxCpltCallback                   0x08000a79   Thumb Code     6  main.o(i.HAL_CAN_TxCpltCallback)
    HAL_Delay                                0x08000a99   Thumb Code    22  stm32f4xx_hal.o(i.HAL_Delay)
    HAL_GPIO_Init                            0x08000ab1   Thumb Code   398  stm32f4xx_hal_gpio.o(i.HAL_GPIO_Init)
    HAL_GPIO_WritePin                        0x08000c71   Thumb Code    10  stm32f4xx_hal_gpio.o(i.HAL_GPIO_WritePin)
    HAL_GetTick                              0x08000c7d   Thumb Code     6  stm32f4xx_hal.o(i.HAL_GetTick)
    HAL_IncTick                              0x08000c89   Thumb Code    10  stm32f4xx_hal.o(i.HAL_IncTick)
    HAL_Init                                 0x08000c99   Thumb Code    48  stm32f4xx_hal.o(i.HAL_Init)
    HAL_InitTick                             0x08000ccd   Thumb Code    34  stm32f4xx_hal.o(i.HAL_InitTick)
    HAL_MspInit                              0x08000cf5   Thumb Code    88  stm32f4xx_hal_msp.o(i.HAL_MspInit)
    HAL_NVIC_EnableIRQ                       0x08000d4d   Thumb Code    22  stm32f4xx_hal_cortex.o(i.HAL_NVIC_EnableIRQ)
    HAL_NVIC_SetPriority                     0x08000d65   Thumb Code    60  stm32f4xx_hal_cortex.o(i.HAL_NVIC_SetPriority)
    HAL_NVIC_SetPriorityGrouping             0x08000da5   Thumb Code    26  stm32f4xx_hal_cortex.o(i.HAL_NVIC_SetPriorityGrouping)
    HAL_RCC_ClockConfig                      0x08000dc9   Thumb Code   364  stm32f4xx_hal_rcc.o(i.HAL_RCC_ClockConfig)
    HAL_RCC_GetHCLKFreq                      0x08000f45   Thumb Code     6  stm32f4xx_hal_rcc.o(i.HAL_RCC_GetHCLKFreq)
    HAL_RCC_GetSysClockFreq                  0x08000f51   Thumb Code   104  stm32f4xx_hal_rcc.o(i.HAL_RCC_GetSysClockFreq)
    HAL_RCC_OscConfig                        0x08000fc1   Thumb Code   722  stm32f4xx_hal_rcc.o(i.HAL_RCC_OscConfig)
    HAL_SYSTICK_CLKSourceConfig              0x080012a5   Thumb Code    24  stm32f4xx_hal_cortex.o(i.HAL_SYSTICK_CLKSourceConfig)
    HAL_SYSTICK_Callback                     0x080012bd   Thumb Code     2  stm32f4xx_hal_cortex.o(i.HAL_SYSTICK_Callback)
    HAL_SYSTICK_Config                       0x080012bf   Thumb Code    40  stm32f4xx_hal_cortex.o(i.HAL_SYSTICK_Config)
    HAL_SYSTICK_IRQHandler                   0x080012e7   Thumb Code     8  stm32f4xx_hal_cortex.o(i.HAL_SYSTICK_IRQHandler)
    SysTick_Handler                          0x08001531   Thumb Code    14  stm32f4xx_it.o(i.SysTick_Handler)
    SystemClock_Config                       0x08001541   Thumb Code   150  main.o(i.SystemClock_Config)
    SystemInit                               0x080015e1   Thumb Code    66  system_stm32f4xx.o(i.SystemInit)
    __0printf$1                              0x08001635   Thumb Code    22  printf1.o(i.__0printf$1)
    __1printf$1                              0x08001635   Thumb Code     0  printf1.o(i.__0printf$1)
    __2printf                                0x08001635   Thumb Code     0  printf1.o(i.__0printf$1)
    __scatterload_copy                       0x08001655   Thumb Code    14  handlers.o(i.__scatterload_copy)
    __scatterload_null                       0x08001663   Thumb Code     2  handlers.o(i.__scatterload_null)
    __scatterload_zeroinit                   0x08001665   Thumb Code    14  handlers.o(i.__scatterload_zeroinit)
    fputc                                    0x080017c9   Thumb Code    36  fputc_debug.o(i.fputc)
    main                                     0x080017f1   Thumb Code   166  main.o(i.main)
    APBAHBPrescTable                         0x080018a4   Data          16  stm32f4xx_hal_rcc.o(.constdata)
    Region$$Table$$Base                      0x080018b4   Number         0  anon$$obj.o(Region$$Table)
    Region$$Table$$Limit                     0x080018d4   Number         0  anon$$obj.o(Region$$Table)
    SystemCoreClock                          0x20000000   Data           4  system_stm32f4xx.o(.data)
    uwTick                                   0x20000004   Data           4  stm32f4xx_hal.o(.data)
    __stdout                                 0x20000008   Data           4  fputc_debug.o(.data)
    hcan1                                    0x2000000c   Data          64  main.o(.bss)
    canTxBuffer                              0x2000004c   Data          28  main.o(.bss)
    canRxBuffer                              0x20000068   Data          36  main.o(.bss)
    __initial_sp                             0x20000490   Data           0  startup_stm32f407xx.o(STACK)



==============================================================================

Memory Map of the image

  Image Entry point : 0x08000189

  Load Region LR_IROM1 (Base: 0x08000000, Size: 0x000018e0, Max: 0x00100000, ABSOLUTE)

    Execution Region ER_IROM1 (Base: 0x08000000, Size: 0x000018d4, Max: 0x00100000, ABSOLUTE)

    Base Addr    Size         Type   Attr      Idx    E Section Name        Object

    0x08000000   0x00000188   Data   RO         1463    RESET               startup_stm32f407xx.o
    0x08000188   0x00000000   Code   RO         1468  * .ARM.Collect$$$$00000000  mc_w.l(entry.o)
    0x08000188   0x00000004   Code   RO         1732    .ARM.Collect$$$$00000001  mc_w.l(entry2.o)
    0x0800018c   0x00000004   Code   RO         1735    .ARM.Collect$$$$00000004  mc_w.l(entry5.o)
    0x08000190   0x00000000   Code   RO         1737    .ARM.Collect$$$$00000008  mc_w.l(entry7b.o)
    0x08000190   0x00000000   Code   RO         1739    .ARM.Collect$$$$0000000A  mc_w.l(entry8b.o)
    0x08000190   0x00000008   Code   RO         1740    .ARM.Collect$$$$0000000B  mc_w.l(entry9a.o)
    0x08000198   0x00000000   Code   RO         1742    .ARM.Collect$$$$0000000D  mc_w.l(entry10a.o)
    0x08000198   0x00000000   Code   RO         1744    .ARM.Collect$$$$0000000F  mc_w.l(entry11a.o)
    0x08000198   0x00000004   Code   RO         1733    .ARM.Collect$$$$00002712  mc_w.l(entry2.o)
    0x0800019c   0x00000024   Code   RO         1464    .text               startup_stm32f407xx.o
    0x080001c0   0x0000002c   Code   RO         1746    .text               mc_w.l(uidiv.o)
    0x080001ec   0x00000024   Code   RO         1761    .text               mc_w.l(init.o)
    0x08000210   0x0000000c   Code   RO         1291    i.CAN1_RX0_IRQHandler  stm32f4xx_it.o
    0x0800021c   0x0000000c   Code   RO         1292    i.CAN1_TX_IRQHandler  stm32f4xx_it.o
    0x08000228   0x00000128   Code   RO          895    i.CAN_Receive_IT    stm32f4xx_hal_can.o
    0x08000350   0x00000060   Code   RO          896    i.CAN_Transmit_IT   stm32f4xx_hal_can.o
    0x080003b0   0x000000e4   Code   RO          897    i.HAL_CAN_ConfigFilter  stm32f4xx_hal_can.o
    0x08000494   0x00000002   Code   RO          899    i.HAL_CAN_ErrorCallback  stm32f4xx_hal_can.o
    0x08000496   0x00000002   PAD
    0x08000498   0x00000180   Code   RO          902    i.HAL_CAN_IRQHandler  stm32f4xx_hal_can.o
    0x08000618   0x00000148   Code   RO          903    i.HAL_CAN_Init      stm32f4xx_hal_can.o
    0x08000760   0x00000068   Code   RO         1393    i.HAL_CAN_MspInit   stm32f4xx_hal_msp.o
    0x080007c8   0x00000086   Code   RO          907    i.HAL_CAN_Receive_IT  stm32f4xx_hal_can.o
    0x0800084e   0x00000002   PAD
    0x08000850   0x000000e0   Code   RO         1332    i.HAL_CAN_RxCpltCallback  main.o
    0x08000930   0x00000146   Code   RO          911    i.HAL_CAN_Transmit_IT  stm32f4xx_hal_can.o
    0x08000a76   0x00000002   PAD
    0x08000a78   0x00000020   Code   RO         1333    i.HAL_CAN_TxCpltCallback  main.o
    0x08000a98   0x00000016   Code   RO         1151    i.HAL_Delay         stm32f4xx_hal.o
    0x08000aae   0x00000002   PAD
    0x08000ab0   0x000001c0   Code   RO          796    i.HAL_GPIO_Init     stm32f4xx_hal_gpio.o
    0x08000c70   0x0000000a   Code   RO          800    i.HAL_GPIO_WritePin  stm32f4xx_hal_gpio.o
    0x08000c7a   0x00000002   PAD
    0x08000c7c   0x0000000c   Code   RO         1157    i.HAL_GetTick       stm32f4xx_hal.o
    0x08000c88   0x00000010   Code   RO         1158    i.HAL_IncTick       stm32f4xx_hal.o
    0x08000c98   0x00000034   Code   RO         1159    i.HAL_Init          stm32f4xx_hal.o
    0x08000ccc   0x00000028   Code   RO         1160    i.HAL_InitTick      stm32f4xx_hal.o
    0x08000cf4   0x00000058   Code   RO         1394    i.HAL_MspInit       stm32f4xx_hal_msp.o
    0x08000d4c   0x00000016   Code   RO          240    i.HAL_NVIC_EnableIRQ  stm32f4xx_hal_cortex.o
    0x08000d62   0x00000002   PAD
    0x08000d64   0x00000040   Code   RO          246    i.HAL_NVIC_SetPriority  stm32f4xx_hal_cortex.o
    0x08000da4   0x00000024   Code   RO          247    i.HAL_NVIC_SetPriorityGrouping  stm32f4xx_hal_cortex.o
    0x08000dc8   0x0000017c   Code   RO          689    i.HAL_RCC_ClockConfig  stm32f4xx_hal_rcc.o
    0x08000f44   0x0000000c   Code   RO          694    i.HAL_RCC_GetHCLKFreq  stm32f4xx_hal_rcc.o
    0x08000f50   0x00000070   Code   RO          698    i.HAL_RCC_GetSysClockFreq  stm32f4xx_hal_rcc.o
    0x08000fc0   0x000002e4   Code   RO          701    i.HAL_RCC_OscConfig  stm32f4xx_hal_rcc.o
    0x080012a4   0x00000018   Code   RO          249    i.HAL_SYSTICK_CLKSourceConfig  stm32f4xx_hal_cortex.o
    0x080012bc   0x00000002   Code   RO          250    i.HAL_SYSTICK_Callback  stm32f4xx_hal_cortex.o
    0x080012be   0x00000028   Code   RO          251    i.HAL_SYSTICK_Config  stm32f4xx_hal_cortex.o
    0x080012e6   0x00000008   Code   RO          252    i.HAL_SYSTICK_IRQHandler  stm32f4xx_hal_cortex.o
    0x080012ee   0x00000002   PAD
    0x080012f0   0x00000044   Code   RO         1334    i.MX_CAN1_Init      main.o
    0x08001334   0x000001dc   Code   RO         1335    i.MX_GPIO_Init      main.o
    0x08001510   0x00000020   Code   RO          253    i.NVIC_SetPriority  stm32f4xx_hal_cortex.o
    0x08001530   0x0000000e   Code   RO         1293    i.SysTick_Handler   stm32f4xx_it.o
    0x0800153e   0x00000002   PAD
    0x08001540   0x000000a0   Code   RO         1336    i.SystemClock_Config  main.o
    0x080015e0   0x00000054   Code   RO            5    i.SystemInit        system_stm32f4xx.o
    0x08001634   0x00000020   Code   RO         1516    i.__0printf$1       mc_w.l(printf1.o)
    0x08001654   0x0000000e   Code   RO         1773    i.__scatterload_copy  mc_w.l(handlers.o)
    0x08001662   0x00000002   Code   RO         1774    i.__scatterload_null  mc_w.l(handlers.o)
    0x08001664   0x0000000e   Code   RO         1775    i.__scatterload_zeroinit  mc_w.l(handlers.o)
    0x08001672   0x00000002   PAD
    0x08001674   0x00000154   Code   RO         1523    i._printf_core      mc_w.l(printf1.o)
    0x080017c8   0x00000028   Code   RO         1428    i.fputc             fputc_debug.o
    0x080017f0   0x000000b4   Code   RO         1337    i.main              main.o
    0x080018a4   0x00000010   Data   RO          702    .constdata          stm32f4xx_hal_rcc.o
    0x080018b4   0x00000020   Data   RO         1771    Region$$Table       anon$$obj.o


    Execution Region RW_IRAM1 (Base: 0x20000000, Size: 0x00000490, Max: 0x00020000, ABSOLUTE)

    Base Addr    Size         Type   Attr      Idx    E Section Name        Object

    0x20000000   0x00000004   Data   RW            7    .data               system_stm32f4xx.o
    0x20000004   0x00000004   Data   RW         1165    .data               stm32f4xx_hal.o
    0x20000008   0x00000004   Data   RW         1429    .data               fputc_debug.o
    0x2000000c   0x00000080   Zero   RW         1338    .bss                main.o
    0x2000008c   0x00000004   PAD
    0x20000090   0x00000400   Zero   RW         1461    STACK               startup_stm32f407xx.o


==============================================================================

Image component sizes


      Code (inc. data)   RO Data    RW Data    ZI Data      Debug   Object Name

        40          4          0          4          0      29133   fputc_debug.o
      1140        208          0          0        128       4634   main.o
        36          8        392          0       1024        808   startup_stm32f407xx.o
       142         22          0          4          0       4295   stm32f4xx_hal.o
      1794         24          0          0          0       7130   stm32f4xx_hal_can.o
       228         14          0          0          0      32269   stm32f4xx_hal_cortex.o
       458         50          0          0          0       2576   stm32f4xx_hal_gpio.o
       192         12          0          0          0       1552   stm32f4xx_hal_msp.o
      1244         48         16          0          0       4805   stm32f4xx_hal_rcc.o
        38         12          0          0          0       1465   stm32f4xx_it.o
        84         18          0          4          0     273645   system_stm32f4xx.o

    ----------------------------------------------------------------------
      5412        420        440         12       1156     362312   Object Totals
         0          0         32          0          0          0   (incl. Generated)
        16          0          0          0          4          0   (incl. Padding)

    ----------------------------------------------------------------------

      Code (inc. data)   RO Data    RW Data    ZI Data      Debug   Library Member Name

         0          0          0          0          0          0   entry.o
         0          0          0          0          0          0   entry10a.o
         0          0          0          0          0          0   entry11a.o
         8          4          0          0          0          0   entry2.o
         4          0          0          0          0          0   entry5.o
         0          0          0          0          0          0   entry7b.o
         0          0          0          0          0          0   entry8b.o
         8          4          0          0          0          0   entry9a.o
        30          0          0          0          0          0   handlers.o
        36          8          0          0          0         68   init.o
       372         14          0          0          0        184   printf1.o
        44          0          0          0          0         80   uidiv.o

    ----------------------------------------------------------------------
       504         30          0          0          0        332   Library Totals
         2          0          0          0          0          0   (incl. Padding)

    ----------------------------------------------------------------------

      Code (inc. data)   RO Data    RW Data    ZI Data      Debug   Library Name

       502         30          0          0          0        332   mc_w.l

    ----------------------------------------------------------------------
       504         30          0          0          0        332   Library Totals

    ----------------------------------------------------------------------

==============================================================================


      Code (inc. data)   RO Data    RW Data    ZI Data      Debug   

      5916        450        440         12       1156     359396   Grand Totals
      5916        450        440         12       1156     359396   ELF Image Totals
      5916        450        440         12          0          0   ROM Totals

==============================================================================

    Total RO  Size (Code + RO Data)                 6356 (   6.21kB)
    Total RW  Size (RW Data + ZI Data)              1168 (   1.14kB)
    Total ROM Size (Code + RO Data + RW Data)       6368 (   6.22kB)

==============================================================================

